 cheretic

 Timestamp is 4d93910e (Wed Mar 30 16:22:38 2011)

 Preferred load address is 00400000

 Start         Length     Name                   Class
 0001:00000000 00022100H .textbss                DATA
 0002:00000000 00047136H .text                   CODE
 0002:00047140 00001030H .text$yc                CODE
 0002:00048170 00001020H .text$yd                CODE
 0003:00000000 00000104H .CRT$XCA                DATA
 0003:00000104 00000104H .CRT$XCAA               DATA
 0003:00000208 00000104H .CRT$XCU                DATA
 0003:0000030c 00000104H .CRT$XCZ                DATA
 0003:00000410 00000104H .CRT$XIA                DATA
 0003:00000514 00000104H .CRT$XIAA               DATA
 0003:00000618 00000104H .CRT$XIC                DATA
 0003:0000071c 00000104H .CRT$XIY                DATA
 0003:00000820 00000104H .CRT$XIZ                DATA
 0003:00000930 000047adH .rdata                  DATA
 0003:000050e0 0000014cH .rdata$debug            DATA
 0003:0000522c 000001b0H .rdata$r                DATA
 0003:000053dc 00000104H .rtc$IAA                DATA
 0003:000054e0 00000104H .rtc$IZZ                DATA
 0003:000055e4 00000104H .rtc$TAA                DATA
 0003:000056e8 00000104H .rtc$TZZ                DATA
 0003:000057f0 000001b1H .xdata$x                DATA
 0003:000059a1 00000000H .edata                  DATA
 0004:00000000 00025b56H .data                   DATA
 0004:00025b60 0003499cH .bss                    DATA
 0005:00000000 00000078H .idata$2                DATA
 0005:00000078 00000014H .idata$3                DATA
 0005:0000008c 000003ecH .idata$4                DATA
 0005:00000478 000003ecH .idata$5                DATA
 0005:00000864 00000af8H .idata$6                DATA

  Address         Publics by Value              Rva+Base       Lib:Object

 0000:00000000       __except_list              00000000     <absolute>
 0000:00000000       ___safe_se_handler_count   00000000     <absolute>
 0000:00000000       ___safe_se_handler_table   00000000     <absolute>
 0000:00009876       __ldused                   00009876     <absolute>
 0000:00009876       __fltused                  00009876     <absolute>
 0000:00000000       ___ImageBase               00400000     <linker-defined>
 0001:00000000       __enc$textbss$begin        00401000     <linker-defined>
 0001:00022100       __enc$textbss$end          00423100     <linker-defined>
 0002:000024b0       _AM_activateNewScale       004264b0 f   AM_MAP.obj
 0002:000025e0       _AM_saveScaleAndLoc        004265e0 f   AM_MAP.obj
 0002:00002630       _AM_restoreScaleAndLoc     00426630 f   AM_MAP.obj
 0002:000027e0       _AM_findMinMaxBoundaries   004267e0 f   AM_MAP.obj
 0002:000029f0       _AM_changeWindowLoc        004269f0 f   AM_MAP.obj
 0002:00002bb0       _AM_initVariables          00426bb0 f   AM_MAP.obj
 0002:00002e90       _AM_loadPics               00426e90 f   AM_MAP.obj
 0002:00002ec0       _AM_LevelInit              00426ec0 f   AM_MAP.obj
 0002:00002f90       _AM_Stop                   00426f90 f   AM_MAP.obj
 0002:00002fd0       _AM_Start                  00426fd0 f   AM_MAP.obj
 0002:00003060       _AM_minOutWindowScale      00427060 f   AM_MAP.obj
 0002:000030b0       _AM_maxOutWindowScale      004270b0 f   AM_MAP.obj
 0002:00003100       _AM_Responder              00427100 f   AM_MAP.obj
 0002:000036e0       _AM_changeWindowScale      004276e0 f   AM_MAP.obj
 0002:00003770       _AM_doFollowPlayer         00427770 f   AM_MAP.obj
 0002:000038b0       _AM_Ticker                 004278b0 f   AM_MAP.obj
 0002:00003930       _AM_clearFB                00427930 f   AM_MAP.obj
 0002:00003d10       _AM_clipMline              00427d10 f   AM_MAP.obj
 0002:00004300       _AM_drawFline              00428300 f   AM_MAP.obj
 0002:00004670       _PUTDOT                    00428670 f   AM_MAP.obj
 0002:00004840       _DrawWuLine                00428840 f   AM_MAP.obj
 0002:00004c60       _AM_drawMline              00428c60 f   AM_MAP.obj
 0002:00004cb0       _AM_drawGrid               00428cb0 f   AM_MAP.obj
 0002:00004e80       _AM_drawWalls              00428e80 f   AM_MAP.obj
 0002:00005260       _AM_rotate                 00429260 f   AM_MAP.obj
 0002:00005330       _AM_drawLineCharacter      00429330 f   AM_MAP.obj
 0002:000054d0       _AM_drawPlayers            004294d0 f   AM_MAP.obj
 0002:00005630       _AM_drawThings             00429630 f   AM_MAP.obj
 0002:000056e0       _AM_drawkeys               004296e0 f   AM_MAP.obj
 0002:000057d0       _AM_drawCrosshair          004297d0 f   AM_MAP.obj
 0002:00005810       _AM_Drawer                 00429810 f   AM_MAP.obj
 0002:00005910       _CT_Init                   00429910 f   CT_CHAT.obj
 0002:00005a10       _CT_Stop                   00429a10 f   CT_CHAT.obj
 0002:00005a30       _CT_Responder              00429a30 f   CT_CHAT.obj
 0002:00005e30       _CT_Ticker                 00429e30 f   CT_CHAT.obj
 0002:00006150       _CT_Drawer                 0042a150 f   CT_CHAT.obj
 0002:00006280       _CT_queueChatChar          0042a280 f   CT_CHAT.obj
 0002:000062e0       _CT_dequeueChatChar        0042a2e0 f   CT_CHAT.obj
 0002:00006340       _CT_AddChar                0042a340 f   CT_CHAT.obj
 0002:00006440       _CT_BackSpace              0042a440 f   CT_CHAT.obj
 0002:00006540       _CT_ClearChatMessage       0042a540 f   CT_CHAT.obj
 0002:000065a0       _D_PostEvent               0042a5a0 f   D_MAIN.obj
 0002:00006610       _D_ProcessEvents           0042a610 f   D_MAIN.obj
 0002:000066b0       _DrawMessage               0042a6b0 f   D_MAIN.obj
 0002:00006740       _D_Display                 0042a740 f   D_MAIN.obj
 0002:00006880       _D_DoomLoop                0042a880 f   D_MAIN.obj
 0002:000069e0       _D_PageTicker              0042a9e0 f   D_MAIN.obj
 0002:00006a10       _D_PageDrawer              0042aa10 f   D_MAIN.obj
 0002:00006a90       _D_AdvanceDemo             0042aa90 f   D_MAIN.obj
 0002:00006ab0       _D_DoAdvanceDemo           0042aab0 f   D_MAIN.obj
 0002:00006ce0       _D_StartTitle              0042ace0 f   D_MAIN.obj
 0002:00006d20       _D_CheckRecordFrom         0042ad20 f   D_MAIN.obj
 0002:00006e50       _wadprintf                 0042ae50 f   D_MAIN.obj
 0002:00006e70       _D_AddFile                 0042ae70 f   D_MAIN.obj
 0002:00007020       _hgotoxy                   0042b020 f   D_MAIN.obj
 0002:00007060       _hput                      0042b060 f   D_MAIN.obj
 0002:000070c0       _hprintf                   0042b0c0 f   D_MAIN.obj
 0002:000070e0       _drawstatus                0042b0e0 f   D_MAIN.obj
 0002:00007100       _status                    0042b100 f   D_MAIN.obj
 0002:00007130       _DrawThermo                0042b130 f   D_MAIN.obj
 0002:00007150       _tprintf                   0042b150 f   D_MAIN.obj
 0002:00007180       _CheckAbortStartup         0042b180 f   D_MAIN.obj
 0002:000071a0       _IncThermo                 0042b1a0 f   D_MAIN.obj
 0002:000071d0       _InitThermo                0042b1d0 f   D_MAIN.obj
 0002:00007200       _D_DoomMain                0042b200 f   D_MAIN.obj
 0002:00007c10       _NetbufferSize             0042bc10 f   D_NET.obj
 0002:00007c40       _NetbufferChecksum         0042bc40 f   D_NET.obj
 0002:00007cd0       _ExpandTics                0042bcd0 f   D_NET.obj
 0002:00007d90       _HSendPacket               0042bd90 f   D_NET.obj
 0002:00007f60       _HGetPacket                0042bf60 f   D_NET.obj
 0002:00008200       _GetPackets                0042c200 f   D_NET.obj
 0002:000085a0       _NetUpdate                 0042c5a0 f   D_NET.obj
 0002:00008880       _CheckAbort                0042c880 f   D_NET.obj
 0002:00008930       _D_ArbitrateNetStart       0042c930 f   D_NET.obj
 0002:00008c60       _D_CheckNetGame            0042cc60 f   D_NET.obj
 0002:00008e10       _D_QuitNetGame             0042ce10 f   D_NET.obj
 0002:00008f10       _TryRunTics                0042cf10 f   D_NET.obj
 0002:00009390       _F_StartFinale             0042d390 f   F_FINALE.obj
 0002:00009520       _F_Responder               0042d520 f   F_FINALE.obj
 0002:00009590       _F_Ticker                  0042d590 f   F_FINALE.obj
 0002:00009610       _F_TextWrite               0042d610 f   F_FINALE.obj
 0002:00009820       _F_DrawPatchCol            0042d820 f   F_FINALE.obj
 0002:000098f0       _F_DemonScroll             0042d8f0 f   F_FINALE.obj
 0002:00009a40       _F_DrawUnderwater          0042da40 f   F_FINALE.obj
 0002:00009b30       _F_Drawer                  0042db30 f   F_FINALE.obj
 0002:00009c30       _G_BuildTiccmd             0042dc30 f   G_GAME.obj
 0002:0000a700       _G_DoLoadLevel             0042e700 f   G_GAME.obj
 0002:0000a8a0       _G_Responder               0042e8a0 f   G_GAME.obj
 0002:0000ad50       _G_Ticker                  0042ed50 f   G_GAME.obj
 0002:0000b240       _G_InitPlayer              0042f240 f   G_GAME.obj
 0002:0000b280       _G_PlayerFinishLevel       0042f280 f   G_GAME.obj
 0002:0000b470       _G_PlayerReborn            0042f470 f   G_GAME.obj
 0002:0000b710       _G_CheckSpot               0042f710 f   G_GAME.obj
 0002:0000b8d0       _G_DeathMatchSpawnPlayer   0042f8d0 f   G_GAME.obj
 0002:0000b9c0       _G_DoReborn                0042f9c0 f   G_GAME.obj
 0002:0000bb30       _G_ScreenShot              0042fb30 f   G_GAME.obj
 0002:0000bb50       _G_ExitLevel               0042fb50 f   G_GAME.obj
 0002:0000bb80       _G_SecretExitLevel         0042fb80 f   G_GAME.obj
 0002:0000bbb0       _G_DoCompleted             0042fbb0 f   G_GAME.obj
 0002:0000bcb0       _G_WorldDone               0042fcb0 f   G_GAME.obj
 0002:0000bcd0       _G_DoWorldDone             0042fcd0 f   G_GAME.obj
 0002:0000bd10       _G_LoadGame                0042fd10 f   G_GAME.obj
 0002:0000bd50       _G_DoLoadGame              0042fd50 f   G_GAME.obj
 0002:0000bfc0       _G_DeferedInitNew          0042ffc0 f   G_GAME.obj
 0002:0000c000       _G_DoNewGame               00430000 f   G_GAME.obj
 0002:0000c050       _G_InitNew                 00430050 f   G_GAME.obj
 0002:0000c290       _G_ReadDemoTiccmd          00430290 f   G_GAME.obj
 0002:0000c3a0       _G_WriteDemoTiccmd         004303a0 f   G_GAME.obj
 0002:0000c4b0       _G_RecordDemo              004304b0 f   G_GAME.obj
 0002:0000c5f0       _G_DeferedPlayDemo         004305f0 f   G_GAME.obj
 0002:0000c620       _G_DoPlayDemo              00430620 f   G_GAME.obj
 0002:0000c760       _G_TimeDemo                00430760 f   G_GAME.obj
 0002:0000c850       _G_CheckDemoStatus         00430850 f   G_GAME.obj
 0002:0000c9a0       _G_SaveGame                004309a0 f   G_GAME.obj
 0002:0000c9e0       _G_DoSaveGame              004309e0 f   G_GAME.obj
 0002:0000cbe0       _SV_Open                   00430be0 f   G_GAME.obj
 0002:0000cc80       _SV_Close                  00430c80 f   G_GAME.obj
 0002:0000cd20       _SV_Write                  00430d20 f   G_GAME.obj
 0002:0000cd90       _SV_WriteByte              00430d90 f   G_GAME.obj
 0002:0000cdc0       _SV_WriteWord              00430dc0 f   G_GAME.obj
 0002:0000cdf0       _SV_WriteLong              00430df0 f   G_GAME.obj
 0002:0000ce20       _main                      00430e20 f   I_IBM.obj
 0002:0000ce60       _Win32_GetH2Tics           00430e60 f   I_IBM.obj
 0002:0000cea0       _I_GetTime                 00430ea0 f   I_IBM.obj
 0002:0000ced0       _I_WaitVBL                 00430ed0 f   I_IBM.obj
 0002:0000cef0       _I_SetPalette              00430ef0 f   I_IBM.obj
 0002:0000cf10       _I_Update                  00430f10 f   I_IBM.obj
 0002:0000cf30       _I_InitGraphics            00430f30 f   I_IBM.obj
 0002:0000cf60       _I_ShutdownGraphics        00430f60 f   I_IBM.obj
 0002:0000cf80       _I_ReadScreen              00430f80 f   I_IBM.obj
 0002:0000cfa0       _I_StartTic                00430fa0 f   I_IBM.obj
 0002:0000d060       _I_ReadKeys                00431060 f   I_IBM.obj
 0002:0000d0e0       _Sys_SendKeyEvents         004310e0 f   I_IBM.obj
 0002:0000d150       _I_StartFrame              00431150 f   I_IBM.obj
 0002:0000d170       _I_TimerISR                00431170 f   I_IBM.obj
 0002:0000d1a0       _ibm_handlewinkey          004311a0 f   I_IBM.obj
 0002:0000d220       _I_StartupKeyboard         00431220 f   I_IBM.obj
 0002:0000d240       _I_ShutdownKeyboard        00431240 f   I_IBM.obj
 0002:0000d260       _I_ResetMouse              00431260 f   I_IBM.obj
 0002:0000d280       _I_StartupMouse            00431280 f   I_IBM.obj
 0002:0000d2a0       _I_ShutdownMouse           004312a0 f   I_IBM.obj
 0002:0000d2c0       _I_ReadMouse               004312c0 f   I_IBM.obj
 0002:0000d2e0       _WaitJoyButton             004312e0 f   I_IBM.obj
 0002:0000d300       _I_StartupJoystick         00431300 f   I_IBM.obj
 0002:0000d320       _I_JoystickEvents          00431320 f   I_IBM.obj
 0002:0000d340       _IO_SetTimer0              00431340 f   I_IBM.obj
 0002:0000d380       _IO_StartupTimer           00431380 f   I_IBM.obj
 0002:0000d3a0       _IO_ShutdownTimer          004313a0 f   I_IBM.obj
 0002:0000d3c0       _I_Init                    004313c0 f   I_IBM.obj
 0002:0000d410       _I_Shutdown                00431410 f   I_IBM.obj
 0002:0000d450       _I_Error                   00431450 f   I_IBM.obj
 0002:0000d4c0       _I_Quit                    004314c0 f   I_IBM.obj
 0002:0000d510       _I_ZoneBase                00431510 f   I_IBM.obj
 0002:0000d5b0       _I_InitDiskFlash           004315b0 f   I_IBM.obj
 0002:0000d5d0       _I_BeginRead               004315d0 f   I_IBM.obj
 0002:0000d5f0       _I_EndRead                 004315f0 f   I_IBM.obj
 0002:0000d610       _I_AllocLow                00431610 f   I_IBM.obj
 0002:0000d660       _I_InitNetwork             00431660 f   I_IBM.obj
 0002:0000d730       _I_NetCmd                  00431730 f   I_IBM.obj
 0002:0000d760       _I_CheckExternDriver       00431760 f   I_IBM.obj
 0002:0000d780       _I_ReadExternDriver        00431780 f   I_IBM.obj
 0002:0000d7a0       _I_PauseSong               004317a0 f   I_SOUND.obj
 0002:0000d7c0       _I_ResumeSong              004317c0 f   I_SOUND.obj
 0002:0000d7e0       _I_SetMusicVolume          004317e0 f   I_SOUND.obj
 0002:0000d800       _I_SetSfxVolume            00431800 f   I_SOUND.obj
 0002:0000d820       _I_RegisterSong            00431820 f   I_SOUND.obj
 0002:0000d840       _I_UnRegisterSong          00431840 f   I_SOUND.obj
 0002:0000d860       _I_QrySongPlaying          00431860 f   I_SOUND.obj
 0002:0000d880       _I_StopSong                00431880 f   I_SOUND.obj
 0002:0000d8a0       _I_PlaySong                004318a0 f   I_SOUND.obj
 0002:0000d8d0       _I_GetSfxLumpNum           004318d0 f   I_SOUND.obj
 0002:0000d920       _I_StartSound              00431920 f   I_SOUND.obj
 0002:0000d940       _I_StopSound               00431940 f   I_SOUND.obj
 0002:0000d960       _I_SoundIsPlaying          00431960 f   I_SOUND.obj
 0002:0000d980       _I_UpdateSoundParams       00431980 f   I_SOUND.obj
 0002:0000d9a0       _I_sndArbitrateCards       004319a0 f   I_SOUND.obj
 0002:0000d9f0       _I_StartupSound            004319f0 f   I_SOUND.obj
 0002:0000da30       _I_ShutdownSound           00431a30 f   I_SOUND.obj
 0002:0000da50       _I_SetChannels             00431a50 f   I_SOUND.obj
 0002:0000da70       _IN_Start                  00431a70 f   IN_LUDE.obj
 0002:0000db00       _IN_WaitStop               00431b00 f   IN_LUDE.obj
 0002:0000db40       _IN_Stop                   00431b40 f   IN_LUDE.obj
 0002:0000db80       _IN_InitStats              00431b80 f   IN_LUDE.obj
 0002:0000df70       _IN_LoadPics               00431f70 f   IN_LUDE.obj
 0002:0000e120       _IN_UnloadPics             00432120 f   IN_LUDE.obj
 0002:0000e340       _IN_Ticker                 00432340 f   IN_LUDE.obj
 0002:0000e540       _IN_CheckForSkip           00432540 f   IN_LUDE.obj
 0002:0000e640       _IN_Drawer                 00432640 f   IN_LUDE.obj
 0002:0000e7d0       _IN_DrawStatBack           004327d0 f   IN_LUDE.obj
 0002:0000e8b0       _IN_DrawOldLevel           004328b0 f   IN_LUDE.obj
 0002:0000eb80       _IN_DrawYAH                00432b80 f   IN_LUDE.obj
 0002:0000eda0       _IN_DrawSingleStats        00432da0 f   IN_LUDE.obj
 0002:0000f230       _IN_DrawCoopStats          00433230 f   IN_LUDE.obj
 0002:0000f4f0       _IN_DrawDMStats            004334f0 f   IN_LUDE.obj
 0002:0000f900       _IN_DrawTime               00433900 f   IN_LUDE.obj
 0002:0000f9e0       _IN_DrawNumber             004339e0 f   IN_LUDE.obj
 0002:0000fcc0       _IN_DrTextB                00433cc0 f   IN_LUDE.obj
 0002:0000fd60       _M_ValidEpisodeMap         00433d60 f   M_MISC.obj
 0002:0000fe10       _M_CheckParm               00433e10 f   M_MISC.obj
 0002:0000fe80       _P_Random                  00433e80 f   M_MISC.obj
 0002:0000fec0       _M_Random                  00433ec0 f   M_MISC.obj
 0002:0000ff00       _M_ClearRandom             00433f00 f   M_MISC.obj
 0002:0000ff30       _M_ClearBox                00433f30 f   M_MISC.obj
 0002:0000ff80       _M_AddToBox                00433f80 f   M_MISC.obj
 0002:00010000       _M_WriteFile               00434000 f   M_MISC.obj
 0002:00010080       _M_ReadFile                00434080 f   M_MISC.obj
 0002:000101d0       _M_FindResponseFile        004341d0 f   M_MISC.obj
 0002:00010570       _M_ForceUppercase          00434570 f   M_MISC.obj
 0002:000105e0       _M_SaveDefaults            004345e0 f   M_MISC.obj
 0002:00010710       _M_LoadDefaults            00434710 f   M_MISC.obj
 0002:00010a20       _WritePCXfile              00434a20 f   M_MISC.obj
 0002:00010c60       _M_ScreenShot              00434c60 f   M_MISC.obj
 0002:00010d70       _MN_Init                   00434d70 f   MN_MENU.obj
 0002:00010e40       _MN_DrTextA                00434e40 f   MN_MENU.obj
 0002:00010ee0       _MN_TextAWidth             00434ee0 f   MN_MENU.obj
 0002:00010f80       _MN_DrTextB                00434f80 f   MN_MENU.obj
 0002:00011020       _MN_TextBWidth             00435020 f   MN_MENU.obj
 0002:000110c0       _MN_Ticker                 004350c0 f   MN_MENU.obj
 0002:00011100       _MN_Drawer                 00435100 f   MN_MENU.obj
 0002:00011680       _MN_LoadSlotText           00435680 f   MN_MENU.obj
 0002:00012100       _MN_Responder              00436100 f   MN_MENU.obj
 0002:000133e0       _MN_ActivateMenu           004373e0 f   MN_MENU.obj
 0002:000134a0       _MN_DeactivateMenu         004374a0 f   MN_MENU.obj
 0002:00013760       _T_MoveCeiling             00437760 f   P_CEILNG.obj
 0002:00013950       _EV_DoCeiling              00437950 f   P_CEILNG.obj
 0002:00013b90       _P_AddActiveCeiling        00437b90 f   P_CEILNG.obj
 0002:00013bf0       _P_RemoveActiveCeiling     00437bf0 f   P_CEILNG.obj
 0002:00013c80       _P_ActivateInStasisCeiling 00437c80 f   P_CEILNG.obj
 0002:00013d30       _EV_CeilingCrushStop       00437d30 f   P_CEILNG.obj
 0002:00013e10       _T_VerticalDoor            00437e10 f   P_DOORS.obj
 0002:00014130       _EV_DoDoor                 00438130 f   P_DOORS.obj
 0002:00014340       _EV_VerticalDoor           00438340 f   P_DOORS.obj
 0002:000146e0       _P_SpawnDoorCloseIn30      004386e0 f   P_DOORS.obj
 0002:00014780       _P_SpawnDoorRaiseIn5Mins   00438780 f   P_DOORS.obj
 0002:00014860       _P_InitMonsters            00438860 f   P_ENEMY.obj
 0002:00014880       _P_AddBossSpot             00438880 f   P_ENEMY.obj
 0002:00014900       _P_RecursiveSound          00438900 f   P_ENEMY.obj
 0002:00014a80       _P_NoiseAlert              00438a80 f   P_ENEMY.obj
 0002:00014ad0       _P_CheckMeleeRange         00438ad0 f   P_ENEMY.obj
 0002:00014bb0       _P_CheckMissileRange       00438bb0 f   P_ENEMY.obj
 0002:00014ce0       _P_Move                    00438ce0 f   P_ENEMY.obj
 0002:00014ef0       _P_TryWalk                 00438ef0 f   P_ENEMY.obj
 0002:00014f40       _P_NewChaseDir             00438f40 f   P_ENEMY.obj
 0002:000152b0       _P_LookForMonsters         004392b0 f   P_ENEMY.obj
 0002:00015400       _P_LookForPlayers          00439400 f   P_ENEMY.obj
 0002:00015680       _A_Look                    00439680 f   P_ENEMY.obj
 0002:000157a0       _A_Chase                   004397a0 f   P_ENEMY.obj
 0002:00015ba0       _A_FaceTarget              00439ba0 f   P_ENEMY.obj
 0002:00015c60       _A_Pain                    00439c60 f   P_ENEMY.obj
 0002:00015ca0       _A_DripBlood               00439ca0 f   P_ENEMY.obj
 0002:00015d60       _A_KnightAttack            00439d60 f   P_ENEMY.obj
 0002:00015e70       _A_ImpExplode              00439e70 f   P_ENEMY.obj
 0002:00015f90       _A_BeastPuff               00439f90 f   P_ENEMY.obj
 0002:00016020       _A_ImpMeAttack             0043a020 f   P_ENEMY.obj
 0002:000160b0       _A_ImpMsAttack             0043a0b0 f   P_ENEMY.obj
 0002:00016260       _A_ImpMsAttack2            0043a260 f   P_ENEMY.obj
 0002:00016310       _A_ImpDeath                0043a310 f   P_ENEMY.obj
 0002:00016370       _A_ImpXDeath1              0043a370 f   P_ENEMY.obj
 0002:000163d0       _A_ImpXDeath2              0043a3d0 f   P_ENEMY.obj
 0002:00016430       _P_UpdateChicken           0043a430 f   P_ENEMY.obj
 0002:000165f0       _A_ChicAttack              0043a5f0 f   P_ENEMY.obj
 0002:00016680       _A_ChicLook                0043a680 f   P_ENEMY.obj
 0002:000166c0       _A_ChicChase               0043a6c0 f   P_ENEMY.obj
 0002:00016700       _A_ChicPain                0043a700 f   P_ENEMY.obj
 0002:00016750       _A_Feathers                0043a750 f   P_ENEMY.obj
 0002:00016880       _A_MummyAttack             0043a880 f   P_ENEMY.obj
 0002:00016930       _A_MummyAttack2            0043a930 f   P_ENEMY.obj
 0002:000169e0       _A_MummyFX1Seek            0043a9e0 f   P_ENEMY.obj
 0002:00016a10       _A_MummySoul               0043aa10 f   P_ENEMY.obj
 0002:00016a70       _A_Sor1Pain                0043aa70 f   P_ENEMY.obj
 0002:00016aa0       _A_Sor1Chase               0043aaa0 f   P_ENEMY.obj
 0002:00016b00       _A_Srcr1Attack             0043ab00 f   P_ENEMY.obj
 0002:00016cd0       _A_SorcererRise            0043acd0 f   P_ENEMY.obj
 0002:00016d60       _P_DSparilTeleport         0043ad60 f   P_ENEMY.obj
 0002:00016f00       _A_Srcr2Decide             0043af00 f   P_ENEMY.obj
 0002:00016f70       _A_Srcr2Attack             0043af70 f   P_ENEMY.obj
 0002:000170c0       _A_BlueSpark               0043b0c0 f   P_ENEMY.obj
 0002:00017180       _A_GenWizard               0043b180 f   P_ENEMY.obj
 0002:00017290       _A_Sor2DthInit             0043b290 f   P_ENEMY.obj
 0002:000172c0       _A_Sor2DthLoop             0043b2c0 f   P_ENEMY.obj
 0002:00017310       _A_SorZap                  0043b310 f   P_ENEMY.obj
 0002:00017340       _A_SorRise                 0043b340 f   P_ENEMY.obj
 0002:00017370       _A_SorDSph                 0043b370 f   P_ENEMY.obj
 0002:000173a0       _A_SorDExp                 0043b3a0 f   P_ENEMY.obj
 0002:000173d0       _A_SorDBon                 0043b3d0 f   P_ENEMY.obj
 0002:00017400       _A_SorSightSnd             0043b400 f   P_ENEMY.obj
 0002:00017430       _A_MinotaurAtk1            0043b430 f   P_ENEMY.obj
 0002:000174e0       _A_MinotaurDecide          0043b4e0 f   P_ENEMY.obj
 0002:000176d0       _A_MinotaurCharge          0043b6d0 f   P_ENEMY.obj
 0002:00017770       _A_MinotaurAtk2            0043b770 f   P_ENEMY.obj
 0002:000178f0       _A_MinotaurAtk3            0043b8f0 f   P_ENEMY.obj
 0002:00017a10       _A_MntrFloorFire           0043ba10 f   P_ENEMY.obj
 0002:00017ac0       _A_BeastAttack             0043bac0 f   P_ENEMY.obj
 0002:00017b70       _A_HeadAttack              0043bb70 f   P_ENEMY.obj
 0002:00017e30       _A_WhirlwindSeek           0043be30 f   P_ENEMY.obj
 0002:00017f50       _A_HeadIceImpact           0043bf50 f   P_ENEMY.obj
 0002:00018070       _A_HeadFireGrow            0043c070 f   P_ENEMY.obj
 0002:000180e0       _A_SnakeAttack             0043c0e0 f   P_ENEMY.obj
 0002:00018170       _A_SnakeAttack2            0043c170 f   P_ENEMY.obj
 0002:00018200       _A_ClinkAttack             0043c200 f   P_ENEMY.obj
 0002:000182a0       _A_GhostOff                0043c2a0 f   P_ENEMY.obj
 0002:000182d0       _A_WizAtk1                 0043c2d0 f   P_ENEMY.obj
 0002:00018310       _A_WizAtk2                 0043c310 f   P_ENEMY.obj
 0002:00018350       _A_WizAtk3                 0043c350 f   P_ENEMY.obj
 0002:00018480       _A_Scream                  0043c480 f   P_ENEMY.obj
 0002:000185d0       _P_DropItem                0043c5d0 f   P_ENEMY.obj
 0002:000186a0       _A_NoBlocking              0043c6a0 f   P_ENEMY.obj
 0002:000188a0       _A_Explode                 0043c8a0 f   P_ENEMY.obj
 0002:00018970       _A_PodPain                 0043c970 f   P_ENEMY.obj
 0002:00018a70       _A_RemovePod               0043ca70 f   P_ENEMY.obj
 0002:00018ac0       _A_MakePod                 0043cac0 f   P_ENEMY.obj
 0002:00018bc0       _P_Massacre                0043cbc0 f   P_ENEMY.obj
 0002:00018c50       _A_BossDeath               0043cc50 f   P_ENEMY.obj
 0002:00018d50       _A_ESound                  0043cd50 f   P_ENEMY.obj
 0002:00018db0       _A_SpawnTeleGlitter        0043cdb0 f   P_ENEMY.obj
 0002:00018e30       _A_SpawnTeleGlitter2       0043ce30 f   P_ENEMY.obj
 0002:00018eb0       _A_AccTeleGlitter          0043ceb0 f   P_ENEMY.obj
 0002:00018f10       _A_InitKeyGizmo            0043cf10 f   P_ENEMY.obj
 0002:00018fb0       _A_VolcanoSet              0043cfb0 f   P_ENEMY.obj
 0002:00018fe0       _A_VolcanoBlast            0043cfe0 f   P_ENEMY.obj
 0002:00019140       _A_VolcBallImpact          0043d140 f   P_ENEMY.obj
 0002:000192c0       _A_SkullPop                0043d2c0 f   P_ENEMY.obj
 0002:000193e0       _A_CheckSkullFloor         0043d3e0 f   P_ENEMY.obj
 0002:00019420       _A_CheckSkullDone          0043d420 f   P_ENEMY.obj
 0002:00019460       _A_CheckBurnGone           0043d460 f   P_ENEMY.obj
 0002:000194a0       _A_FreeTargMobj            0043d4a0 f   P_ENEMY.obj
 0002:00019550       _A_AddPlayerCorpse         0043d550 f   P_ENEMY.obj
 0002:000195d0       _A_FlameSnd                0043d5d0 f   P_ENEMY.obj
 0002:00019600       _A_HideThing               0043d600 f   P_ENEMY.obj
 0002:00019630       _A_UnHideThing             0043d630 f   P_ENEMY.obj
 0002:00019660       _T_MovePlane               0043d660 f   P_FLOOR.obj
 0002:00019a50       _T_MoveFloor               0043da50 f   P_FLOOR.obj
 0002:00019bb0       _EV_DoFloor                0043dbb0 f   P_FLOOR.obj
 0002:0001a1c0       _EV_BuildStairs            0043e1c0 f   P_FLOOR.obj
 0002:0001a460       _P_SetMessage              0043e460 f   P_INTER.obj
 0002:0001a4e0       _P_GiveAmmo                0043e4e0 f   P_INTER.obj
 0002:0001a660       _P_GiveWeapon              0043e660 f   P_INTER.obj
 0002:0001a820       _P_GiveBody                0043e820 f   P_INTER.obj
 0002:0001a8b0       _P_GiveArmor               0043e8b0 f   P_INTER.obj
 0002:0001a900       _P_GiveKey                 0043e900 f   P_INTER.obj
 0002:0001a9b0       _P_GivePower               0043e9b0 f   P_INTER.obj
 0002:0001abd0       _P_GiveArtifact            0043ebd0 f   P_INTER.obj
 0002:0001ad20       _P_SetDormantArtifact      0043ed20 f   P_INTER.obj
 0002:0001ada0       _A_RestoreArtifact         0043eda0 f   P_INTER.obj
 0002:0001ae00       _P_HideSpecialThing        0043ee00 f   P_INTER.obj
 0002:0001ae50       _A_RestoreSpecialThing1    0043ee50 f   P_INTER.obj
 0002:0001aeb0       _A_RestoreSpecialThing2    0043eeb0 f   P_INTER.obj
 0002:0001af00       _P_TouchSpecialThing       0043ef00 f   P_INTER.obj
 0002:0001bc40       _P_KillMobj                0043fc40 f   P_INTER.obj
 0002:0001c030       _P_MinotaurSlam            00440030 f   P_INTER.obj
 0002:0001c170       _P_TouchWhirlwind          00440170 f   P_INTER.obj
 0002:0001c290       _P_ChickenMorphPlayer      00440290 f   P_INTER.obj
 0002:0001c480       _P_ChickenMorph            00440480 f   P_INTER.obj
 0002:0001c6a0       _P_AutoUseChaosDevice      004406a0 f   P_INTER.obj
 0002:0001c740       _P_AutoUseHealth           00440740 f   P_INTER.obj
 0002:0001c9f0       _P_DamageMobj              004409f0 f   P_INTER.obj
 0002:0001d360       _T_LightFlash              00441360 f   P_LIGHTS.obj
 0002:0001d410       _P_SpawnLightFlash         00441410 f   P_LIGHTS.obj
 0002:0001d4d0       _T_StrobeFlash             004414d0 f   P_LIGHTS.obj
 0002:0001d570       _P_SpawnStrobeFlash        00441570 f   P_LIGHTS.obj
 0002:0001d660       _EV_StartLightStrobing     00441660 f   P_LIGHTS.obj
 0002:0001d6e0       _EV_TurnTagLightsOff       004416e0 f   P_LIGHTS.obj
 0002:0001d7e0       _EV_LightTurnOn            004417e0 f   P_LIGHTS.obj
 0002:0001d8e0       _T_Glow                    004418e0 f   P_LIGHTS.obj
 0002:0001d9d0       _P_SpawnGlowingLight       004419d0 f   P_LIGHTS.obj
 0002:0001da70       _PIT_StompThing            00441a70 f   P_MAP.obj
 0002:0001db60       _P_TeleportMove            00441b60 f   P_MAP.obj
 0002:0001dda0       _PIT_CheckLine             00441da0 f   P_MAP.obj
 0002:0001df90       _PIT_CheckThing            00441f90 f   P_MAP.obj
 0002:0001e5a0       _PIT_CheckOnmobjZ          004425a0 f   P_MAP.obj
 0002:0001e6c0       _P_TestMobjLocation        004426c0 f   P_MAP.obj
 0002:0001e770       _P_CheckPosition           00442770 f   P_MAP.obj
 0002:0001ea30       _P_CheckOnmobj             00442a30 f   P_MAP.obj
 0002:0001ecc0       _P_FakeZMovement           00442cc0 f   P_MAP.obj
 0002:0001efe0       _CheckMissileImpact        00442fe0 f   P_MAP.obj
 0002:0001f090       _P_TryMove                 00443090 f   P_MAP.obj
 0002:0001f460       _P_ThingHeightClip         00443460 f   P_MAP.obj
 0002:0001f540       _P_HitSlideLine            00443540 f   P_MAP.obj
 0002:0001f710       _PTR_SlideTraverse         00443710 f   P_MAP.obj
 0002:0001f850       _P_SlideMove               00443850 f   P_MAP.obj
 0002:0001fbe0       _PTR_AimTraverse           00443be0 f   P_MAP.obj
 0002:0001ff20       _PTR_ShootTraverse         00443f20 f   P_MAP.obj
 0002:00020400       _P_AimLineAttack           00444400 f   P_MAP.obj
 0002:00020510       _P_LineAttack              00444510 f   P_MAP.obj
 0002:00020610       _PTR_UseTraverse           00444610 f   P_MAP.obj
 0002:000206c0       _P_UseLines                004446c0 f   P_MAP.obj
 0002:00020770       _PIT_RadiusAttack          00444770 f   P_MAP.obj
 0002:000208d0       _P_RadiusAttack            004448d0 f   P_MAP.obj
 0002:00020a10       _PIT_ChangeSector          00444a10 f   P_MAP.obj
 0002:00020b70       _P_ChangeSector            00444b70 f   P_MAP.obj
 0002:00020c10       _P_AproxDistance           00444c10 f   P_MAPUTL.obj
 0002:00020c80       _P_PointOnLineSide         00444c80 f   P_MAPUTL.obj
 0002:00020dd0       _P_BoxOnLineSide           00444dd0 f   P_MAPUTL.obj
 0002:00020f80       _P_PointOnDivlineSide      00444f80 f   P_MAPUTL.obj
 0002:000210e0       _P_MakeDivline             004450e0 f   P_MAPUTL.obj
 0002:00021140       _P_InterceptVector         00445140 f   P_MAPUTL.obj
 0002:000212c0       _P_LineOpening             004452c0 f   P_MAPUTL.obj
 0002:000213a0       _P_UnsetThingPosition      004453a0 f   P_MAPUTL.obj
 0002:000214f0       _P_SetThingPosition        004454f0 f   P_MAPUTL.obj
 0002:00021670       _P_BlockLinesIterator      00445670 f   P_MAPUTL.obj
 0002:00021770       _P_BlockThingsIterator     00445770 f   P_MAPUTL.obj
 0002:00021810       _PIT_AddLineIntercepts     00445810 f   P_MAPUTL.obj
 0002:000219f0       _PIT_AddThingIntercepts    004459f0 f   P_MAPUTL.obj
 0002:00021bc0       _P_TraverseIntercepts      00445bc0 f   P_MAPUTL.obj
 0002:00021ca0       _P_PathTraverse            00445ca0 f   P_MAPUTL.obj
 0002:000220a0       _P_SetMobjState            004460a0 f   P_MOBJ.obj
 0002:00022150       _P_SetMobjStateNF          00446150 f   P_MOBJ.obj
 0002:000221e0       _P_ExplodeMissile          004461e0 f   P_MOBJ.obj
 0002:000222b0       _P_FloorBounceMissile      004462b0 f   P_MOBJ.obj
 0002:00022300       _P_ThrustMobj              00446300 f   P_MOBJ.obj
 0002:000223b0       _P_FaceMobj                004463b0 f   P_MOBJ.obj
 0002:00022490       _P_SeekerMissile           00446490 f   P_MOBJ.obj
 0002:00022670       _P_XYMovement              00446670 f   P_MOBJ.obj
 0002:00022d70       _P_ZMovement               00446d70 f   P_MOBJ.obj
 0002:000232b0       _P_NightmareRespawn        004472b0 f   P_MOBJ.obj
 0002:000234a0       _P_BlasterMobjThinker      004474a0 f   P_MOBJ.obj
 0002:00023710       _P_MobjThinker             00447710 f   P_MOBJ.obj
 0002:00023a50       _P_SpawnMobj               00447a50 f   P_MOBJ.obj
 0002:00023d50       _P_RemoveMobj              00447d50 f   P_MOBJ.obj
 0002:00023da0       _P_SpawnPlayer             00447da0 f   P_MOBJ.obj
 0002:00024040       _P_SpawnMapThing           00448040 f   P_MOBJ.obj
 0002:000245b0       _P_SpawnPuff               004485b0 f   P_MOBJ.obj
 0002:000246a0       _P_BloodSplatter           004486a0 f   P_MOBJ.obj
 0002:00024730       _P_RipperBlood             00448730 f   P_MOBJ.obj
 0002:00024820       _P_GetThingFloorType       00448820 f   P_MOBJ.obj
 0002:00024850       _P_HitFloor                00448850 f   P_MOBJ.obj
 0002:00024ad0       _P_CheckMissileSpawn       00448ad0 f   P_MOBJ.obj
 0002:00024b70       _P_SpawnMissile            00448b70 f   P_MOBJ.obj
 0002:00024e20       _P_SpawnMissileAngle       00448e20 f   P_MOBJ.obj
 0002:00024fc0       _P_SpawnPlayerMissile      00448fc0 f   P_MOBJ.obj
 0002:00025350       _P_SPMAngle                00449350 f   P_MOBJ.obj
 0002:000255a0       _A_ContMobjSound           004495a0 f   P_MOBJ.obj
 0002:00025600       _T_PlatRaise               00449600 f   P_PLATS.obj
 0002:000258b0       _EV_DoPlat                 004498b0 f   P_PLATS.obj
 0002:00025c50       _P_ActivateInStasis        00449c50 f   P_PLATS.obj
 0002:00025d00       _EV_StopPlat               00449d00 f   P_PLATS.obj
 0002:00025dc0       _P_AddActivePlat           00449dc0 f   P_PLATS.obj
 0002:00025e30       _P_RemoveActivePlat        00449e30 f   P_PLATS.obj
 0002:00025ed0       _P_OpenWeapons             00449ed0 f   P_PSPR.obj
 0002:00025ef0       _P_AddMaceSpot             00449ef0 f   P_PSPR.obj
 0002:00025f70       _P_RepositionMace          00449f70 f   P_PSPR.obj
 0002:00026030       _P_CloseWeapons            0044a030 f   P_PSPR.obj
 0002:000260b0       _P_SetPsprite              0044a0b0 f   P_PSPR.obj
 0002:000261a0       _P_ActivateBeak            0044a1a0 f   P_PSPR.obj
 0002:00026200       _P_PostChickenWeapon       0044a200 f   P_PSPR.obj
 0002:00026280       _P_BringUpWeapon           0044a280 f   P_PSPR.obj
 0002:00026360       _P_CheckAmmo               0044a360 f   P_PSPR.obj
 0002:000265f0       _P_FireWeapon              0044a5f0 f   P_PSPR.obj
 0002:00026720       _P_DropWeapon              0044a720 f   P_PSPR.obj
 0002:000267a0       _A_WeaponReady             0044a7a0 f   P_PSPR.obj
 0002:000269f0       _P_UpdateBeak              0044a9f0 f   P_PSPR.obj
 0002:00026a30       _A_BeakReady               0044aa30 f   P_PSPR.obj
 0002:00026b20       _A_ReFire                  0044ab20 f   P_PSPR.obj
 0002:00026bb0       _A_Lower                   0044abb0 f   P_PSPR.obj
 0002:00026c70       _A_BeakRaise               0044ac70 f   P_PSPR.obj
 0002:00026cc0       _A_Raise                   0044acc0 f   P_PSPR.obj
 0002:00026d70       _P_BulletSlope             0044ad70 f   P_PSPR.obj
 0002:00026e70       _A_BeakAttackPL1           0044ae70 f   P_PSPR.obj
 0002:00026fa0       _A_BeakAttackPL2           0044afa0 f   P_PSPR.obj
 0002:000270d0       _A_StaffAttackPL1          0044b0d0 f   P_PSPR.obj
 0002:000271d0       _A_StaffAttackPL2          0044b1d0 f   P_PSPR.obj
 0002:000272d0       _A_FireBlasterPL1          0044b2d0 f   P_PSPR.obj
 0002:000273c0       _A_FireBlasterPL2          0044b3c0 f   P_PSPR.obj
 0002:00027450       _A_FireGoldWandPL1         0044b450 f   P_PSPR.obj
 0002:00027530       _A_FireGoldWandPL2         0044b530 f   P_PSPR.obj
 0002:00027690       _A_FireMacePL1B            0044b690 f   P_PSPR.obj
 0002:00027830       _A_FireMacePL1             0044b830 f   P_PSPR.obj
 0002:00027920       _A_MacePL1Check            0044b920 f   P_PSPR.obj
 0002:00027a00       _A_MaceBallImpact          0044ba00 f   P_PSPR.obj
 0002:00027b20       _A_MaceBallImpact2         0044bb20 f   P_PSPR.obj
 0002:00027e20       _A_FireMacePL2             0044be20 f   P_PSPR.obj
 0002:00027f00       _A_DeathBallImpact         0044bf00 f   P_PSPR.obj
 0002:000281a0       _A_SpawnRippers            0044c1a0 f   P_PSPR.obj
 0002:000282b0       _A_FireCrossbowPL1         0044c2b0 f   P_PSPR.obj
 0002:00028340       _A_FireCrossbowPL2         0044c340 f   P_PSPR.obj
 0002:00028430       _A_BoltSpark               0044c430 f   P_PSPR.obj
 0002:000284d0       _A_FireSkullRodPL1         0044c4d0 f   P_PSPR.obj
 0002:00028560       _A_FireSkullRodPL2         0044c560 f   P_PSPR.obj
 0002:00028620       _A_SkullRodPL2Seek         0044c620 f   P_PSPR.obj
 0002:00028650       _A_AddPlayerRain           0044c650 f   P_PSPR.obj
 0002:000287b0       _A_SkullRodStorm           0044c7b0 f   P_PSPR.obj
 0002:000289b0       _A_RainImpact              0044c9b0 f   P_PSPR.obj
 0002:00028a20       _A_HideInCeiling           0044ca20 f   P_PSPR.obj
 0002:00028a50       _A_FirePhoenixPL1          0044ca50 f   P_PSPR.obj
 0002:00028b20       _A_PhoenixPuff             0044cb20 f   P_PSPR.obj
 0002:00028ca0       _A_InitPhoenixPL2          0044cca0 f   P_PSPR.obj
 0002:00028cd0       _A_FirePhoenixPL2          0044ccd0 f   P_PSPR.obj
 0002:00028f10       _A_ShutdownPhoenixPL2      0044cf10 f   P_PSPR.obj
 0002:00028f40       _A_FlameEnd                0044cf40 f   P_PSPR.obj
 0002:00028f70       _A_FloatPuff               0044cf70 f   P_PSPR.obj
 0002:00028fa0       _A_GauntletAttack          0044cfa0 f   P_PSPR.obj
 0002:000292d0       _A_Light0                  0044d2d0 f   P_PSPR.obj
 0002:00029300       _A_Light1                  0044d300 f   P_PSPR.obj
 0002:00029330       _A_Light2                  0044d330 f   P_PSPR.obj
 0002:00029360       _P_SetupPsprites           0044d360 f   P_PSPR.obj
 0002:000293e0       _P_MovePsprites            0044d3e0 f   P_PSPR.obj
 0002:000294c0       _P_LoadVertexes            0044d4c0 f   P_SETUP.obj
 0002:000295b0       _P_LoadSegs                0044d5b0 f   P_SETUP.obj
 0002:00029860       _P_LoadSubsectors          0044d860 f   P_SETUP.obj
 0002:00029970       _P_LoadSectors             0044d970 f   P_SETUP.obj
 0002:00029b00       _P_LoadNodes               0044db00 f   P_SETUP.obj
 0002:00029cb0       _P_LoadThings              0044dcb0 f   P_SETUP.obj
 0002:00029da0       _P_LoadLineDefs            0044dda0 f   P_SETUP.obj
 0002:0002a190       _P_LoadSideDefs            0044e190 f   P_SETUP.obj
 0002:0002a310       _P_LoadBlockMap            0044e310 f   P_SETUP.obj
 0002:0002a450       _P_GroupLines              0044e450 f   P_SETUP.obj
 0002:0002a840       _BuildSideSegs             0044e840 f   P_SETUP.obj
 0002:0002a9a0       _P_SetupLevel              0044e9a0 f   P_SETUP.obj
 0002:0002b020       _P_Init                    0044f020 f   P_SETUP.obj
 0002:0002b060       _PTR_SightTraverse         0044f060 f   P_SIGHT.obj
 0002:0002b210       _P_SightBlockLinesIterator 0044f210 f   P_SIGHT.obj
 0002:0002b3f0       _P_SightTraverseIntercepts 0044f3f0 f   P_SIGHT.obj
 0002:0002b530       _P_SightPathTraverse       0044f530 f   P_SIGHT.obj
 0002:0002b980       _P_CheckSight              0044f980 f   P_SIGHT.obj
 0002:0002bac0       _P_InitLava                0044fac0 f   P_SPEC.obj
 0002:0002bb10       _P_InitTerrainTypes        0044fb10 f   P_SPEC.obj
 0002:0002bbe0       _P_InitPicAnims            0044fbe0 f   P_SPEC.obj
 0002:0002bdd0       _getSide                   0044fdd0 f   P_SPEC.obj
 0002:0002be20       _getSector                 0044fe20 f   P_SPEC.obj
 0002:0002be70       _twoSided                  0044fe70 f   P_SPEC.obj
 0002:0002beb0       _getNextSector             0044feb0 f   P_SPEC.obj
 0002:0002bf00       _P_FindLowestFloorSurrounding 0044ff00 f   P_SPEC.obj
 0002:0002bfa0       _P_FindHighestFloorSurrounding 0044ffa0 f   P_SPEC.obj
 0002:0002c040       _P_FindNextHighestFloor    00450040 f   P_SPEC.obj
 0002:0002c160       _P_FindLowestCeilingSurrounding 00450160 f   P_SPEC.obj
 0002:0002c200       _P_FindHighestCeilingSurrounding 00450200 f   P_SPEC.obj
 0002:0002c2a0       _P_FindSectorFromLineTag   004502a0 f   P_SPEC.obj
 0002:0002c310       _P_FindMinSurroundingLight 00450310 f   P_SPEC.obj
 0002:0002c3b0       _P_CrossSpecialLine        004503b0 f   P_SPEC.obj
 0002:0002cd00       _P_ShootSpecialLine        00450d00 f   P_SPEC.obj
 0002:0002cde0       _P_PlayerInSpecialSector   00450de0 f   P_SPEC.obj
 0002:0002d0e0       _P_UpdateSpecials          004510e0 f   P_SPEC.obj
 0002:0002d400       _EV_DoDonut                00451400 f   P_SPEC.obj
 0002:0002d650       _P_SpawnSpecials           00451650 f   P_SPEC.obj
 0002:0002d970       _P_InitAmbientSound        00451970 f   P_SPEC.obj
 0002:0002d9c0       _P_AddAmbientSfx           004519c0 f   P_SPEC.obj
 0002:0002da20       _P_AmbientSound            00451a20 f   P_SPEC.obj
 0002:0002dce0       _P_InitSwitchList          00451ce0 f   P_SWITCH.obj
 0002:0002de10       _P_StartButton             00451e10 f   P_SWITCH.obj
 0002:0002ded0       _P_ChangeSwitchTexture     00451ed0 f   P_SWITCH.obj
 0002:0002e120       _P_UseSpecialLine          00452120 f   P_SWITCH.obj
 0002:0002e960       _P_Teleport                00452960 f   P_TELEPT.obj
 0002:0002ed40       _EV_Teleport               00452d40 f   P_TELEPT.obj
 0002:0002ee90       _P_ArchivePlayers          00452e90 f   P_TICK.obj
 0002:0002efa0       _P_UnArchivePlayers        00452fa0 f   P_TICK.obj
 0002:0002f100       _P_ArchiveWorld            00453100 f   P_TICK.obj
 0002:0002f330       _P_UnArchiveWorld          00453330 f   P_TICK.obj
 0002:0002f600       _P_ArchiveThinkers         00453600 f   P_TICK.obj
 0002:0002f700       _P_UnArchiveThinkers       00453700 f   P_TICK.obj
 0002:0002f910       _P_ArchiveSpecials         00453910 f   P_TICK.obj
 0002:0002fc60       _P_UnArchiveSpecials       00453c60 f   P_TICK.obj
 0002:000300e0       _P_InitThinkers            004540e0 f   P_TICK.obj
 0002:00030110       _P_AddThinker              00454110 f   P_TICK.obj
 0002:00030160       _P_RemoveThinker           00454160 f   P_TICK.obj
 0002:00030180       _P_AllocateThinker         00454180 f   P_TICK.obj
 0002:000301a0       _P_RunThinkers             004541a0 f   P_TICK.obj
 0002:00030240       _P_Ticker                  00454240 f   P_TICK.obj
 0002:00030300       _P_Thrust                  00454300 f   P_USER.obj
 0002:000304d0       _P_CalcHeight              004544d0 f   P_USER.obj
 0002:00030810       _P_MovePlayer              00454810 f   P_USER.obj
 0002:00030cb0       _P_DeathThink              00454cb0 f   P_USER.obj
 0002:00031030       _P_ChickenPlayerThink      00455030 f   P_USER.obj
 0002:00031140       _P_GetPlayerNum            00455140 f   P_USER.obj
 0002:000311a0       _P_UndoPlayerChicken       004551a0 f   P_USER.obj
 0002:00031440       _P_PlayerThink             00455440 f   P_USER.obj
 0002:00031c50       _P_ArtiTele                00455c50 f   P_USER.obj
 0002:00031d60       _P_PlayerNextArtifact      00455d60 f   P_USER.obj
 0002:00031e30       _P_PlayerRemoveArtifact    00455e30 f   P_USER.obj
 0002:00031fd0       _P_PlayerUseArtifact       00455fd0 f   P_USER.obj
 0002:000320a0       _P_UseArtifact             004560a0 f   P_USER.obj
 0002:00032430       _R_DrawColumnInCache       00456430 f   R_DATA.obj
 0002:00032500       _R_GenerateComposite       00456500 f   R_DATA.obj
 0002:000326f0       _R_GenerateLookup          004566f0 f   R_DATA.obj
 0002:000329d0       _R_GetColumn               004569d0 f   R_DATA.obj
 0002:00032a90       _R_InitTextures            00456a90 f   R_DATA.obj
 0002:00033180       _R_InitFlats               00457180 f   R_DATA.obj
 0002:00033290       _R_InitSpriteLumps         00457290 f   R_DATA.obj
 0002:00033480       _R_InitColormaps           00457480 f   R_DATA.obj
 0002:00033510       _R_InitData                00457510 f   R_DATA.obj
 0002:00033590       _R_FlatNumForName          00457590 f   R_DATA.obj
 0002:00033620       _R_CheckTextureNumForName  00457620 f   R_DATA.obj
 0002:000336a0       _R_TextureNumForName       004576a0 f   R_DATA.obj
 0002:000336f0       _R_PrecacheLevel           004576f0 f   R_DATA.obj
 0002:00033b70       _R_AddPointToBox           00457b70 f   R_MAIN.obj
 0002:00033bf0       _R_PointOnSide             00457bf0 f   R_MAIN.obj
 0002:00033d80       _R_PointOnSegSide          00457d80 f   R_MAIN.obj
 0002:00033ed0       _SlopeDiv                  00457ed0 f   R_MAIN.obj
 0002:00033f40       _R_PointToAngle            00457f40 f   R_MAIN.obj
 0002:00034140       _R_PointToAngle2           00458140 f   R_MAIN.obj
 0002:00034180       _R_PointToDist             00458180 f   R_MAIN.obj
 0002:000342e0       _R_InitPointToAngle        004582e0 f   R_MAIN.obj
 0002:00034300       _R_InitTables              00458300 f   R_MAIN.obj
 0002:00034320       _R_SetViewSize             00458320 f   R_MAIN.obj
 0002:00034360       _R_ExecuteSetViewSize      00458360 f   R_MAIN.obj
 0002:00034430       _R_InitSkyMap              00458430 f   R_MAIN.obj
 0002:00034480       _R_Init                    00458480 f   R_MAIN.obj
 0002:00034550       _R_PointInSubsector        00458550 f   R_MAIN.obj
 0002:000345f0       _R_SetupFrame              004585f0 f   R_MAIN.obj
 0002:00034710       _R_RenderPlayerView        00458710 f   R_MAIN.obj
 0002:00034740       _R_InstallSpriteLump       00458740 f   R_THINGS.obj
 0002:00034950       _R_InitSpriteDefs          00458950 f   R_THINGS.obj
 0002:00034d20       _R_InitSprites             00458d20 f   R_THINGS.obj
 0002:00034d80       _SB_Init                   00458d80 f   SB_BAR.obj
 0002:00035160       _SB_Ticker                 00459160 f   SB_BAR.obj
 0002:00035270       _SB_Drawer                 00459270 f   SB_BAR.obj
 0002:00035dc0       _SB_PaletteFlash           00459dc0 f   SB_BAR.obj
 0002:00036fd0       _SB_Responder              0045afd0 f   SB_BAR.obj
 0002:00037b20       _S_Start                   0045bb20 f   soundst.obj
 0002:00037bd0       _S_StartSong               0045bbd0 f   soundst.obj
 0002:00037d10       _S_StartSound              0045bd10 f   soundst.obj
 0002:00038390       _S_StartSoundAtVolume      0045c390 f   soundst.obj
 0002:000385e0       _S_StopSoundID             0045c5e0 f   soundst.obj
 0002:000387b0       _S_StopSound               0045c7b0 f   soundst.obj
 0002:000388c0       _S_SoundLink               0045c8c0 f   soundst.obj
 0002:00038930       _S_PauseSound              0045c930 f   soundst.obj
 0002:00038960       _S_ResumeSound             0045c960 f   soundst.obj
 0002:00038990       _S_UpdateSounds            0045c990 f   soundst.obj
 0002:00038ea0       _S_Init                    0045cea0 f   soundst.obj
 0002:00038f20       _S_GetChannelInfo          0045cf20 f   soundst.obj
 0002:00039040       _S_SetMaxVolume            0045d040 f   soundst.obj
 0002:000390f0       _S_SetMusicVolume          0045d0f0 f   soundst.obj
 0002:00039170       _S_ShutDown                0045d170 f   soundst.obj
 0002:00039190       _V_DrawPatch               0045d190 f   V_VIDEO.obj
 0002:000391b0       _V_DrawFuzzPatch           0045d1b0 f   V_VIDEO.obj
 0002:000391d0       _V_DrawShadowedPatch       0045d1d0 f   V_VIDEO.obj
 0002:000391f0       _V_DrawRawScreen           0045d1f0 f   V_VIDEO.obj
 0002:00039230       _V_Init                    0045d230 f   V_VIDEO.obj
 0002:00039260       _filelength                0045d260 f   W_WAD.obj
 0002:000392f0       _ExtractFileBase           0045d2f0 f   W_WAD.obj
 0002:000393f0       _W_AddFile                 0045d3f0 f   W_WAD.obj
 0002:000396d0       _W_InitMultipleFiles       0045d6d0 f   W_WAD.obj
 0002:000397b0       _W_InitFile                0045d7b0 f   W_WAD.obj
 0002:000397f0       _W_NumLumps                0045d7f0 f   W_WAD.obj
 0002:00039810       _W_CheckNumForName         0045d810 f   W_WAD.obj
 0002:000398f0       _W_GetNumForName           0045d8f0 f   W_WAD.obj
 0002:00039940       _W_LumpLength              0045d940 f   W_WAD.obj
 0002:00039990       _W_ReadLump                0045d990 f   W_WAD.obj
 0002:00039a60       _W_CacheLumpNum            0045da60 f   W_WAD.obj
 0002:00039b70       _W_CacheLumpName           0045db70 f   W_WAD.obj
 0002:00039bb0       _Z_ClearZone               0045dbb0 f   Z_ZONE.obj
 0002:00039c50       _Z_Init                    0045dc50 f   Z_ZONE.obj
 0002:00039d30       _Z_Free                    0045dd30 f   Z_ZONE.obj
 0002:00039e90       _Z_Malloc                  0045de90 f   Z_ZONE.obj
 0002:0003a0c0       _Z_FreeTags                0045e0c0 f   Z_ZONE.obj
 0002:0003a150       _Z_DumpHeap                0045e150 f   Z_ZONE.obj
 0002:0003a2a0       _Z_FileDumpHeap            0045e2a0 f   Z_ZONE.obj
 0002:0003a3d0       _Z_CheckHeap               0045e3d0 f   Z_ZONE.obj
 0002:0003a490       _Z_ChangeTag2              0045e490 f   Z_ZONE.obj
 0002:0003a500       _Z_FreeMemory              0045e500 f   Z_ZONE.obj
 0002:0003a580       _IR_AddWall                0045e580 f   ds_render.obj
 0002:0003bb70       _TransformAndClipSegment   0045fb70 f   ds_render.obj
 0002:0003be10       _IR_Subsector              0045fe10 f   ds_render.obj
 0002:0003cad0       _IR_RenderSkyWall          00460ad0 f   ds_render.obj
 0002:0003cd70       _IR_RenderWalls            00460d70 f   ds_render.obj
 0002:0003d260       _IR_RenderSprites          00461260 f   ds_render.obj
 0002:0003d710       _IR_RenderPlayerView       00461710 f   ds_render.obj
 0002:0003e5e0       _ds_init_textures          004625e0 f   ds_textures.obj
 0002:0003e880       _ds_print_blocks           00462880 f   ds_textures.obj
 0002:0003e990       _ds_lock_bank              00462990 f   ds_textures.obj
 0002:0003e9b0       _ds_unlock_bank            004629b0 f   ds_textures.obj
 0002:0003e9d0       _ds_adjust_size            004629d0 f   ds_textures.obj
 0002:0003ea70       _ds_find_free_block        00462a70 f   ds_textures.obj
 0002:0003eb70       _ds_is_texture_resident    00462b70 f   ds_textures.obj
 0002:0003ebe0       _ds_scale_texture          00462be0 f   ds_textures.obj
 0002:0003edc0       _ds_block_address          00462dc0 f   ds_textures.obj
 0002:0003ee00       _ds_load_block             00462e00 f   ds_textures.obj
 0002:0003ee70       _ds_tex_size               00462e70 f   ds_textures.obj
 0002:0003ef20       _ds_tex_parameters         00462f20 f   ds_textures.obj
 0002:0003ef70       _ds_load_texture           00462f70 f   ds_textures.obj
 0002:0003f2f0       _ds_load_map_texture       004632f0 f   ds_textures.obj
 0002:0003f630       _ds_load_map_flat          00463630 f   ds_textures.obj
 0002:0003f830       _R_DrawColumnInCacheGL     00463830 f   ds_textures.obj
 0002:0003f900       _ds_load_sprite            00463900 f   ds_textures.obj
 0002:0003fc00       _ds_init_texture           00463c00 f   ds_textures.obj
 0002:0003fde0       _ds_init_flat              00463de0 f   ds_textures.obj
 0002:0003fe60       _ds_init_sprite            00463e60 f   ds_textures.obj
 0002:000400a0       _ds_load_blank_tex         004640a0 f   ds_textures.obj
 0002:000401c0       _add_sub_winding           004641c0 f   geometry.obj
 0002:00040210       _waitforit2                00464210 f   geometry.obj
 0002:00040280       _waitforit                 00464280 f   geometry.obj
 0002:000402a0       _add_line                  004642a0 f   geometry.obj
 0002:00040320       _add_winding               00464320 f   geometry.obj
 0002:000403a0       _normalize_plane           004643a0 f   geometry.obj
 0002:000404b0       _faces_front               004644b0 f   geometry.obj
 0002:000406d0       _R_PointsOnNode            004646d0 f   geometry.obj
 0002:00040a60       _ds_clip_to_subsector      00464a60 f   geometry.obj
 0002:00040d80       _ds_gen_floors_r           00464d80 f   geometry.obj
 0002:00041000       _ds_base_winding           00465000 f   geometry.obj
 0002:00041190       _ds_gen_floors             00465190 f   geometry.obj
 0002:00041260       _draw_floors               00465260 f   geometry.obj
 0002:000412c0       _draw_lines                004652c0 f   geometry.obj
 0002:00041330       _draw_winding_path_r       00465330 f   geometry.obj
 0002:00041380       _draw_gen_subs             00465380 f   geometry.obj
 0002:00041400       _DS_VERTEX3FV              00465400 f   glMain.obj
 0002:00041460       _R_AddLineGL               00465460 f   glMain.obj
 0002:000422c0       _R_SubsectorGL             004662c0 f   glMain.obj
 0002:00042650       _R_RenderBSPNodeGL         00466650 f   glMain.obj
 0002:00042710       _R_RenderBSPGL             00466710 f   glMain.obj
 0002:00042760       _R_SetupFrameGL            00466760 f   glMain.obj
 0002:00042a10       _R_EndFrameGL              00466a10 f   glMain.obj
 0002:00042a30       _R_RenderView              00466a30 f   glMain.obj
 0002:00042b00       _draw_sub                  00466b00 f   glMain.obj
 0002:00042c80       _draw_winding              00466c80 f   glMain.obj
 0002:00042e90       _draw_line                 00466e90 f   glMain.obj
 0002:00042f90       ?MapKey@@YAHH@Z            00466f90 f   glview.obj
 0002:00042fd0       ?IN_MouseEvent@@YAXH@Z     00466fd0 f   glview.obj
 0002:000430a0       ?WndProcGL@@YGJPAUHWND__@@IIJ@Z 004670a0 f   glview.obj
 0002:00043440       _initDisplay               00467440 f   glview.obj
 0002:000436b0       _frameBegin                004676b0 f   glview.obj
 0002:000436f0       _glRotateX                 004676f0 f   glview.obj
 0002:00043730       _glRotateY                 00467730 f   glview.obj
 0002:00043770       _glRotateZ                 00467770 f   glview.obj
 0002:000437b0       _glTranslate3f32           004677b0 f   glview.obj
 0002:000437f0       _DS_COLOR                  004677f0 f   glview.obj
 0002:000438a0       _DS_NORMAL                 004678a0 f   glview.obj
 0002:00043940       _DS_TEXCOORD2T16           00467940 f   glview.obj
 0002:00043990       _aDS_VERTEX3V16            00467990 f   glview.obj
 0002:00043a00       _frameEnd                  00467a00 f   glview.obj
 0002:00043a30       _ds_get_window_pos         00467a30 f   glview.obj
 0002:00043a60       _Key_Event                 00467a60 f   glview.obj
 0002:00043a80       ??0CGLWindow@@QAE@XZ       00467a80 f   GLWindow.obj
 0002:00043b30       ??_ECGLWindow@@UAEPAXI@Z   00467b30 f i GLWindow.obj
 0002:00043b30       ??_GCGLWindow@@UAEPAXI@Z   00467b30 f i GLWindow.obj
 0002:00043b80       ?Link@CGLWindow@@QAEHPAUHWND__@@@Z 00467b80 f   GLWindow.obj
 0002:00043c10       ??1CGLWindow@@UAE@XZ       00467c10 f   GLWindow.obj
 0002:00043c40       ?ShutDown@CGLWindow@@QAEHXZ 00467c40 f   GLWindow.obj
 0002:00043cc0       ?Push2D@CGLWindow@@QAEXXZ  00467cc0 f   GLWindow.obj
 0002:00043d50       ?Pop2D@CGLWindow@@QAEXXZ   00467d50 f   GLWindow.obj
 0002:00043da0       ?Size@CGLWindow@@QAEHHHHH@Z 00467da0 f   GLWindow.obj
 0002:00043e60       ?SetFormat@CGLWindow@@QAEHHHHH@Z 00467e60 f   GLWindow.obj
 0002:00044160       ?SwapBuffers@CGLWindow@@QAEHXZ 00468160 f   GLWindow.obj
 0002:00044190       ?GetPos@CGLWindow@@QAEXPAUtagRECT@@@Z 00468190 f   GLWindow.obj
 0002:00044200       _AllocWinding              00468200 f   polylib.obj
 0002:00044260       _CopyWinding               00468260 f   polylib.obj
 0002:00044300       _VertexSubtract            00468300 f   polylib.obj
 0002:00044330       _VertexAdd                 00468330 f   polylib.obj
 0002:00044360       _VertexCopy                00468360 f   polylib.obj
 0002:00044390       _BaseWinding               00468390 f   polylib.obj
 0002:00044430       _ClipWinding2              00468430 f   polylib.obj
 0002:00044d90       _ClipWinding               00468d90 f   polylib.obj
 0002:000453e0       _ChopWinding               004693e0 f   polylib.obj
 0002:00045440       _glEnd@0                   00469440 f   opengl32:OPENGL32.dll
 0002:00045446       _glVertex3fv@4             00469446 f   opengl32:OPENGL32.dll
 0002:0004544c       _glTexCoord2fv@4           0046944c f   opengl32:OPENGL32.dll
 0002:00045452       _glColor3ubv@4             00469452 f   opengl32:OPENGL32.dll
 0002:00045458       _glBegin@4                 00469458 f   opengl32:OPENGL32.dll
 0002:0004545e       _glDisable@4               0046945e f   opengl32:OPENGL32.dll
 0002:00045464       _glVertex3f@12             00469464 f   opengl32:OPENGL32.dll
 0002:0004546a       _glTexCoord2f@8            0046946a f   opengl32:OPENGL32.dll
 0002:00045470       _glColor4f@16              00469470 f   opengl32:OPENGL32.dll
 0002:00045476       _glAlphaFunc@8             00469476 f   opengl32:OPENGL32.dll
 0002:0004547c       _glEnable@4                0046947c f   opengl32:OPENGL32.dll
 0002:00045482       _glBlendFunc@8             00469482 f   opengl32:OPENGL32.dll
 0002:00045488       _glColor3ub@12             00469488 f   opengl32:OPENGL32.dll
 0002:0004548e       _glPopMatrix@0             0046948e f   opengl32:OPENGL32.dll
 0002:00045494       _glPushMatrix@0            00469494 f   opengl32:OPENGL32.dll
 0002:0004549a       _glGetIntegerv@8           0046949a f   opengl32:OPENGL32.dll
 0002:000454a0       _glGetDoublev@8            004694a0 f   opengl32:OPENGL32.dll
 0002:000454a6       _glGetFloatv@8             004694a6 f   opengl32:OPENGL32.dll
 0002:000454ac       _glTranslatef@12           004694ac f   opengl32:OPENGL32.dll
 0002:000454b2       _glLoadIdentity@0          004694b2 f   opengl32:OPENGL32.dll
 0002:000454b8       _glMatrixMode@4            004694b8 f   opengl32:OPENGL32.dll
 0002:000454be       _glShadeModel@4            004694be f   opengl32:OPENGL32.dll
 0002:000454c4       _glViewport@16             004694c4 f   opengl32:OPENGL32.dll
 0002:000454ca       _glMultMatrixf@4           004694ca f   opengl32:OPENGL32.dll
 0002:000454d0       _glTexParameterf@12        004694d0 f   opengl32:OPENGL32.dll
 0002:000454d6       _glTexImage2D@36           004694d6 f   opengl32:OPENGL32.dll
 0002:000454dc       _glBindTexture@8           004694dc f   opengl32:OPENGL32.dll
 0002:000454e2       _glGenTextures@8           004694e2 f   opengl32:OPENGL32.dll
 0002:000454e8       _glRotatef@16              004694e8 f   opengl32:OPENGL32.dll
 0002:000454ee       _glFrustum@48              004694ee f   opengl32:OPENGL32.dll
 0002:000454f4       _glPolygonMode@8           004694f4 f   opengl32:OPENGL32.dll
 0002:000454fa       _glColor3f@12              004694fa f   opengl32:OPENGL32.dll
 0002:00045500       _wglGetProcAddress@4       00469500 f   opengl32:OPENGL32.dll
 0002:00045506       _glColor3b@12              00469506 f   opengl32:OPENGL32.dll
 0002:0004550c       _glClear@4                 0046950c f   opengl32:OPENGL32.dll
 0002:00045512       _glNormal3f@12             00469512 f   opengl32:OPENGL32.dll
 0002:00045518       _wglDeleteContext@4        00469518 f   opengl32:OPENGL32.dll
 0002:0004551e       _wglMakeCurrent@8          0046951e f   opengl32:OPENGL32.dll
 0002:00045524       _glFinish@0                00469524 f   opengl32:OPENGL32.dll
 0002:0004552a       _wglGetCurrentContext@0    0046952a f   opengl32:OPENGL32.dll
 0002:00045530       _glClearColor@16           00469530 f   opengl32:OPENGL32.dll
 0002:00045536       _glDepthFunc@4             00469536 f   opengl32:OPENGL32.dll
 0002:0004553c       _wglCreateContext@4        0046953c f   opengl32:OPENGL32.dll
 0002:00045542       _gluPerspective@32         00469542 f   glu32:GLU32.dll
 0002:00045548       _gluOrtho2D@32             00469548 f   glu32:GLU32.dll
 0002:0004554e       _GetTickCount@0            0046954e f   kernel32:KERNEL32.dll
 0002:00045554       _GetModuleHandleA@4        00469554 f   kernel32:KERNEL32.dll
 0002:0004555a       _DispatchMessageA@4        0046955a f   user32:USER32.dll
 0002:00045560       _TranslateMessage@4        00469560 f   user32:USER32.dll
 0002:00045566       _GetMessageA@16            00469566 f   user32:USER32.dll
 0002:0004556c       _PeekMessageA@20           0046956c f   user32:USER32.dll
 0002:00045572       _GetKeyState@4             00469572 f   user32:USER32.dll
 0002:00045578       _GetWindowRect@8           00469578 f   user32:USER32.dll
 0002:0004557e       _DefWindowProcA@16         0046957e f   user32:USER32.dll
 0002:00045584       _PostQuitMessage@4         00469584 f   user32:USER32.dll
 0002:0004558a       _UpdateWindow@4            0046958a f   user32:USER32.dll
 0002:00045590       _ShowWindow@8              00469590 f   user32:USER32.dll
 0002:00045596       _CreateWindowExA@48        00469596 f   user32:USER32.dll
 0002:0004559c       _RegisterClassExA@4        0046959c f   user32:USER32.dll
 0002:000455a2       _LoadCursorA@8             004695a2 f   user32:USER32.dll
 0002:000455a8       _LoadIconA@8               004695a8 f   user32:USER32.dll
 0002:000455ae       _ReleaseDC@8               004695ae f   user32:USER32.dll
 0002:000455b4       _GetDC@4                   004695b4 f   user32:USER32.dll
 0002:000455ba       _GetStockObject@4          004695ba f   gdi32:GDI32.dll
 0002:000455c0       _SetPixelFormat@12         004695c0 f   gdi32:GDI32.dll
 0002:000455c6       _ChoosePixelFormat@8       004695c6 f   gdi32:GDI32.dll
 0002:000455cc       _SwapBuffers@4             004695cc f   gdi32:GDI32.dll
 0002:000455d2       _abs                       004695d2 f   MSVCRT:MSVCR100.dll
 0002:000455d8       _memset                    004695d8 f   MSVCRT:MSVCR100.dll
 0002:000455de       _memcpy                    004695de f   MSVCRT:MSVCR100.dll
 0002:000455e4       _fprintf                   004695e4 f   MSVCRT:MSVCR100.dll
 0002:000455ea       ___iob_func                004695ea f   MSVCRT:MSVCR100.dll
 0002:000455f0       @__security_check_cookie@4 004695f0 f   MSVCRT:secchk.obj
 0002:00045602       _toupper                   00469602 f   MSVCRT:MSVCR100.dll
 0002:00045608       _strcat                    00469608 f   MSVCRT:MSVCR100.dll
 0002:0004560e       _strcpy                    0046960e f   MSVCRT:MSVCR100.dll
 0002:00045614       _fopen                     00469614 f   MSVCRT:MSVCR100.dll
 0002:0004561a       _sprintf                   0046961a f   MSVCRT:MSVCR100.dll
 0002:00045620       _malloc                    00469620 f   MSVCRT:MSVCR100.dll
 0002:00045626       _strlen                    00469626 f   MSVCRT:MSVCR100.dll
 0002:0004562c       _printf                    0046962c f   MSVCRT:MSVCR100.dll
 0002:00045632       _fclose                    00469632 f   MSVCRT:MSVCR100.dll
 0002:00045638       _setbuf                    00469638 f   MSVCRT:MSVCR100.dll
 0002:0004563e       _strcmp                    0046963e f   MSVCRT:MSVCR100.dll
 0002:00045644       _fwrite                    00469644 f   MSVCRT:MSVCR100.dll
 0002:00045650       __ftol2_sse                00469650 f   MSVCRT:ftol2.obj
 0002:00045659       __ftol2_pentium4           00469659 f   MSVCRT:ftol2.obj
 0002:0004566c       __ftol2_sse_excpt          0046966c f   MSVCRT:ftol2.obj
 0002:00045686       __ftol2                    00469686 f   MSVCRT:ftol2.obj
 0002:00045726       _exit                      00469726 f   MSVCRT:MSVCR100.dll
 0002:0004572c       _vprintf                   0046972c f   MSVCRT:MSVCR100.dll
 0002:00045732       __fstat64i32               00469732 f   MSVCRT:MSVCR100.dll
 0002:00045738       _fread                     00469738 f   MSVCRT:MSVCR100.dll
 0002:0004573e       _ftell                     0046973e f   MSVCRT:MSVCR100.dll
 0002:00045744       _fseek                     00469744 f   MSVCRT:MSVCR100.dll
 0002:0004574a       _sscanf                    0046974a f   MSVCRT:MSVCR100.dll
 0002:00045750       _fscanf                    00469750 f   MSVCRT:MSVCR100.dll
 0002:00045756       _feof                      00469756 f   MSVCRT:MSVCR100.dll
 0002:0004575c       _sqrt                      0046975c f   MSVCRT:MSVCR100.dll
 0002:00045762       _atoi                      00469762 f   MSVCRT:MSVCR100.dll
 0002:00045768       _free                      00469768 f   MSVCRT:MSVCR100.dll
 0002:0004576e       _calloc                    0046976e f   MSVCRT:MSVCR100.dll
 0002:00045780       __alldiv                   00469780 f   MSVCRT:lldiv.obj
 0002:00045860       __allmul                   00469860 f   MSVCRT:llmul.obj
 0002:000458a2       _strncpy                   004698a2 f   MSVCRT:MSVCR100.dll
 0002:000458a8       __strnicmp                 004698a8 f   MSVCRT:MSVCR100.dll
 0002:000458ae       _realloc                   004698ae f   MSVCRT:MSVCR100.dll
 0002:000458b4       _strncmp                   004698b4 f   MSVCRT:MSVCR100.dll
 0002:000458ba       _fabs                      004698ba f   MSVCRT:MSVCR100.dll
 0002:000458c0       _memchr                    004698c0 f   MSVCRT:MSVCR100.dll
 0002:000458c6       _ceil                      004698c6 f   MSVCRT:MSVCR100.dll
 0002:000458cc       _floor                     004698cc f   MSVCRT:MSVCR100.dll
 0002:000458e0       __allshr                   004698e0 f   MSVCRT:llshr.obj
 0002:0004590a       _qsort                     0046990a f   MSVCRT:MSVCR100.dll
 0002:00045910       __alloca_probe_16          00469910 f   MSVCRT:alloca16.obj
 0002:00045926       __alloca_probe_8           00469926     MSVCRT:alloca16.obj
 0002:00045948       _cos                       00469948 f   MSVCRT:MSVCR100.dll
 0002:0004594e       _sin                       0046994e f   MSVCRT:MSVCR100.dll
 0002:00045954       _tan                       00469954 f   MSVCRT:MSVCR100.dll
 0002:00045960       __alloca_probe             00469960     MSVCRT:chkstk.obj
 0002:00045960       __chkstk                   00469960 f   MSVCRT:chkstk.obj
 0002:000459a0       __allshl                   004699a0 f   MSVCRT:llshl.obj
 0002:000459c6       __onexit                   004699c6 f   MSVCRT:atonexit.obj
 0002:00045a8f       _atexit                    00469a8f f   MSVCRT:atonexit.obj
 0002:00045aab       ??0type_info@@AAE@ABV0@@Z  00469aab f   MSVCRT:ti_inst.obj
 0002:00045ab8       ??_Etype_info@@UAEPAXI@Z   00469ab8 f i MSVCRT:ti_inst.obj
 0002:00045b17       ??4type_info@@AAEAAV0@ABV0@@Z 00469b17 f   MSVCRT:ti_inst.obj
 0002:00045b1c       ??3@YAXPAX@Z               00469b1c f   MSVCRT:MSVCR100.dll
 0002:00045b22       _NtCurrentTeb              00469b22 f i MSVCRT:crtexe.obj
 0002:00045eb1       _mainCRTStartup            00469eb1 f   MSVCRT:crtexe.obj
 0002:00045ebd       ___report_gsfailure        00469ebd f   MSVCRT:gs_report.obj
 0002:00046004       ___sse2_available_init     0046a004 f   MSVCRT:cpu_disp.obj
 0002:00046018       __unlock                   0046a018 f   MSVCRT:MSVCR100.dll
 0002:0004601e       ___dllonexit               0046a01e f   MSVCRT:MSVCR100.dll
 0002:00046024       __lock                     0046a024 f   MSVCRT:MSVCR100.dll
 0002:00046030       __SEH_prolog4              0046a030 f   MSVCRT:sehprolg4.obj
 0002:00046075       __SEH_epilog4              0046a075 f   MSVCRT:sehprolg4.obj
 0002:0004609f       __except_handler4          0046a09f f   MSVCRT:chandler4gs.obj
 0002:000460e3       ?__ArrayUnwind@@YGXPAXIHP6EX0@Z@Z 0046a0e3 f   MSVCRT:ehvecdtr.obj
 0002:00046158       ??_M@YGXPAXIHP6EX0@Z@Z     0046a158 f   MSVCRT:ehvecdtr.obj
 0002:000461d3       ?__CxxUnhandledExceptionFilter@@YGJPAU_EXCEPTION_POINTERS@@@Z 0046a1d3 f   MSVCRT:unhandld.obj
 0002:00046225       ___CxxSetUnhandledExceptionFilter 0046a225 f   MSVCRT:unhandld.obj
 0002:00046236       __amsg_exit                0046a236 f   MSVCRT:MSVCR100.dll
 0002:0004623c       ___getmainargs             0046a23c f   MSVCRT:MSVCR100.dll
 0002:00046242       __RTC_Initialize           0046a242 f   MSVCRT:_initsect_.obj
 0002:00046271       __RTC_Terminate            0046a271 f   MSVCRT:_initsect_.obj
 0002:000462a0       __cexit                    0046a2a0 f   MSVCRT:MSVCR100.dll
 0002:000462a6       __exit                     0046a2a6 f   MSVCRT:MSVCR100.dll
 0002:000462ac       __XcptFilter               0046a2ac f   MSVCRT:MSVCR100.dll
 0002:000462c0       __ValidateImageBase        0046a2c0 f   MSVCRT:pesect.obj
 0002:00046310       __FindPESection            0046a310 f   MSVCRT:pesect.obj
 0002:00046370       __IsNonwritableInCurrentImage 0046a370 f   MSVCRT:pesect.obj
 0002:0004645c       __initterm                 0046a45c f   MSVCRT:MSVCR100.dll
 0002:00046462       __initterm_e               0046a462 f   MSVCRT:MSVCR100.dll
 0002:00046468       __configthreadlocale       0046a468 f   MSVCRT:MSVCR100.dll
 0002:0004646e       __invoke_watson_if_error   0046a46e f i MSVCRT:fp8.obj
 0002:00046497       __setdefaultprecision      0046a497 f   MSVCRT:fp8.obj
 0002:000464ca       ___setusermatherr          0046a4ca f   MSVCRT:MSVCR100.dll
 0002:000464d0       __matherr                  0046a4d0 f   MSVCRT:merr.obj
 0002:000464d3       __setargv                  0046a4d3 f   MSVCRT:dllargv.obj
 0002:000464d6       ___set_app_type            0046a4d6 f   MSVCRT:MSVCR100.dll
 0002:000464dc       ___security_init_cookie    0046a4dc f   MSVCRT:gs_support.obj
 0002:0004659e       __crt_debugger_hook        0046a59e f   MSVCRT:MSVCR100.dll
 0002:000465a4       __except_handler4_common   0046a5a4 f   MSVCRT:MSVCR100.dll
 0002:000465aa       ?terminate@@YAXXZ          0046a5aa f   MSVCRT:MSVCR100.dll
 0002:000465b0       ?_type_info_dtor_internal_method@type_info@@QAEXXZ 0046a5b0 f   MSVCRT:MSVCR100.dll
 0002:000465b0       ??1type_info@@UAE@XZ       0046a5b0 f   MSVCRT:MSVCR100.dll
 0002:000465b6       __invoke_watson            0046a5b6 f   MSVCRT:MSVCR100.dll
 0002:000465bc       __controlfp_s              0046a5bc f   MSVCRT:MSVCR100.dll
 0002:000465c2       _EncodePointer@4           0046a5c2 f   kernel32:KERNEL32.dll
 0002:000465c8       _DecodePointer@4           0046a5c8 f   kernel32:KERNEL32.dll
 0002:000465ce       _InterlockedExchange@8     0046a5ce f   kernel32:KERNEL32.dll
 0002:000465d4       _Sleep@4                   0046a5d4 f   kernel32:KERNEL32.dll
 0002:000465da       _InterlockedCompareExchange@12 0046a5da f   kernel32:KERNEL32.dll
 0002:000465e0       _HeapSetInformation@16     0046a5e0 f   kernel32:KERNEL32.dll
 0002:000465e6       _TerminateProcess@8        0046a5e6 f   kernel32:KERNEL32.dll
 0002:000465ec       _GetCurrentProcess@0       0046a5ec f   kernel32:KERNEL32.dll
 0002:000465f2       _UnhandledExceptionFilter@4 0046a5f2 f   kernel32:KERNEL32.dll
 0002:000465f8       _SetUnhandledExceptionFilter@4 0046a5f8 f   kernel32:KERNEL32.dll
 0002:000465fe       _IsDebuggerPresent@0       0046a5fe f   kernel32:KERNEL32.dll
 0002:00046604       _IsProcessorFeaturePresent@4 0046a604 f   kernel32:KERNEL32.dll
 0002:0004660a       _QueryPerformanceCounter@4 0046a60a f   kernel32:KERNEL32.dll
 0002:00046610       _GetCurrentThreadId@0      0046a610 f   kernel32:KERNEL32.dll
 0002:00046616       _GetCurrentProcessId@0     0046a616 f   kernel32:KERNEL32.dll
 0002:0004661c       _GetSystemTimeAsFileTime@4 0046a61c f   kernel32:KERNEL32.dll
 0002:00046622       __stricmp                  0046a622 f   MSVCRT:MSVCR100.dll
 0002:00046628       _close                     0046a628 f   MSVCRT:MSVCR100.dll
 0002:00046628       __close                    0046a628 f   MSVCRT:MSVCR100.dll
 0002:0004662e       __write                    0046a62e f   MSVCRT:MSVCR100.dll
 0002:0004662e       _write                     0046a62e f   MSVCRT:MSVCR100.dll
 0002:00046634       _open                      0046a634 f   MSVCRT:MSVCR100.dll
 0002:00046634       __open                     0046a634 f   MSVCRT:MSVCR100.dll
 0002:0004663a       _read                      0046a63a f   MSVCRT:MSVCR100.dll
 0002:0004663a       __read                     0046a63a f   MSVCRT:MSVCR100.dll
 0002:00046640       _access                    0046a640 f   MSVCRT:MSVCR100.dll
 0002:00046640       __access                   0046a640 f   MSVCRT:MSVCR100.dll
 0002:00046646       _lseek                     0046a646 f   MSVCRT:MSVCR100.dll
 0002:00046646       __lseek                    0046a646 f   MSVCRT:MSVCR100.dll
 0002:0004664c       __strupr                   0046a64c f   MSVCRT:MSVCR100.dll
 0003:00000000       ___xc_a                    0046e000     MSVCRT:cinitexe.obj
 0003:0000030c       ___xc_z                    0046e30c     MSVCRT:cinitexe.obj
 0003:00000410       ___xi_a                    0046e410     MSVCRT:cinitexe.obj
 0003:00000820       ___xi_z                    0046e820     MSVCRT:cinitexe.obj
 0003:0000094c       ??_C@_0BJ@JHCHEMAM@E5M9?3?5?5SKEIN?5OF?5D?8SPARIL?$AA@ 0046e94c     AM_MAP.obj
 0003:0000096c       ??_C@_0BK@FNCHAMNB@E5M8?3?5?5FIELD?5OF?5JUDGEMENT?$AA@ 0046e96c     AM_MAP.obj
 0003:0000098c       ??_C@_0BE@ODBGNMEC@E5M7?3?5?5FOETID?5MANSE?$AA@ 0046e98c     AM_MAP.obj
 0003:000009a4       ??_C@_0BB@GBKAEION@E5M6?3?5?5COLONNADE?$AA@ 0046e9a4     AM_MAP.obj
 0003:000009b8       ??_C@_0BA@HHLEHJGJ@E5M5?3?5?5HYDRATYR?$AA@ 0046e9b8     AM_MAP.obj
 0003:000009cc       ??_C@_0BB@JEAONPKC@E5M4?3?5?5COURTYARD?$AA@ 0046e9cc     AM_MAP.obj
 0003:000009e0       ??_C@_0M@DGLCAFDH@E5M3?3?5?5QUAY?$AA@ 0046e9e0     AM_MAP.obj
 0003:000009f0       ??_C@_0O@GDNACFPP@E5M2?3?5?5RAPIDS?$AA@ 0046e9f0     AM_MAP.obj
 0003:00000a00       ??_C@_0BE@DABBHOIJ@E5M1?3?5?5OCHRE?5CLIFFS?$AA@ 0046ea00     AM_MAP.obj
 0003:00000a18       ??_C@_0BB@GHBOAOMM@E4M9?3?5?5MAUSOLEUM?$AA@ 0046ea18     AM_MAP.obj
 0003:00000a2c       ??_C@_0BI@OHNMHBCP@E4M8?3?5?5SHATTERED?5BRIDGE?$AA@ 0046ea2c     AM_MAP.obj
 0003:00000a48       ??_C@_0BN@IGCLHMJI@E4M7?3?5?5RAMPARTS?5OF?5PERDITION?$AA@ 0046ea48     AM_MAP.obj
 0003:00000a6c       ??_C@_0BN@HNFNNJGL@E4M6?3?5?5HALLS?5OF?5THE?5APOSTATE?$AA@ 0046ea6c     AM_MAP.obj
 0003:00000a90       ??_C@_0BD@GHFGFFNM@E4M5?3?5?5GREAT?5STAIR?$AA@ 0046ea90     AM_MAP.obj
 0003:00000aa8       ??_C@_0BB@LIINDFNC@E4M4?3?5?5SEPULCHER?$AA@ 0046eaa8     AM_MAP.obj
 0003:00000abc       ??_C@_0BC@HIADLLCP@E4M3?3?5?5AMBULATORY?$AA@ 0046eabc     AM_MAP.obj
 0003:00000ad4       ??_C@_0BC@NBMKPLEH@E4M2?3?5?5BLOCKHOUSE?$AA@ 0046ead4     AM_MAP.obj
 0003:00000aec       ??_C@_0BC@BCOALPKC@E4M1?3?5?5CATAFALQUE?$AA@ 0046eaec     AM_MAP.obj
 0003:00000b04       ??_C@_0BD@PJDNCPPH@E3M9?3?5?5THE?5AQUIFER?$AA@ 0046eb04     AM_MAP.obj
 0003:00000b1c       ??_C@_0BH@MIBKJBCG@E3M8?3?5?5D?8SPARIL?8S?5KEEP?$AA@ 0046eb1c     AM_MAP.obj
 0003:00000b38       ??_C@_0BB@IOPCMJID@E3M7?3?5?5THE?5CHASM?$AA@ 0046eb38     AM_MAP.obj
 0003:00000b4c       ??_C@_0BJ@EHGJPBKN@E3M6?3?5?5THE?5HALLS?5OF?5FEAR?$AA@ 0046eb4c     AM_MAP.obj
 0003:00000b6c       ??_C@_0BJ@NIAKDBDK@E3M5?3?5?5THE?5OPHIDIAN?5LAIR?$AA@ 0046eb6c     AM_MAP.obj
 0003:00000b8c       ??_C@_0BK@MBEFJOHM@E3M4?3?5?5THE?5AZURE?5FORTRESS?$AA@ 0046eb8c     AM_MAP.obj
 0003:00000bac       ??_C@_0BG@OACLHNKO@E3M3?3?5?5THE?5CONFLUENCE?$AA@ 0046ebac     AM_MAP.obj
 0003:00000bc8       ??_C@_0BE@EJBPPPHG@E3M2?3?5?5THE?5CESSPOOL?$AA@ 0046ebc8     AM_MAP.obj
 0003:00000be0       ??_C@_0BG@PBPDNBMA@E3M1?3?5?5THE?5STOREHOUSE?$AA@ 0046ebe0     AM_MAP.obj
 0003:00000bfc       ??_C@_0BD@FMJNCFOF@E2M9?3?5?5THE?5GLACIER?$AA@ 0046ebfc     AM_MAP.obj
 0003:00000c14       ??_C@_0BM@JJCOEOAC@E2M8?3?5?5THE?5PORTALS?5OF?5CHAOS?$AA@ 0046ec14     AM_MAP.obj
 0003:00000c38       ??_C@_0BG@JDDHLIE@E2M7?3?5?5THE?5GREAT?5HALL?$AA@ 0046ec38     AM_MAP.obj
 0003:00000c54       ??_C@_0BF@DPMHEHMH@E2M6?3?5?5THE?5LABYRINTH?$AA@ 0046ec54     AM_MAP.obj
 0003:00000c70       ??_C@_0BF@COENLEAF@E2M5?3?5?5THE?5CATACOMBS?$AA@ 0046ec70     AM_MAP.obj
 0003:00000c8c       ??_C@_0BG@NABNGMPH@E2M4?3?5?5THE?5ICE?5GROTTO?$AA@ 0046ec8c     AM_MAP.obj
 0003:00000ca8       ??_C@_0BJ@EANGCAPB@E2M3?3?5?5THE?5RIVER?5OF?5FIRE?$AA@ 0046eca8     AM_MAP.obj
 0003:00000cc8       ??_C@_0BF@IHFENHKD@E2M2?3?5?5THE?5LAVA?5PITS?$AA@ 0046ecc8     AM_MAP.obj
 0003:00000ce4       ??_C@_0BC@GIGHEIMI@E2M1?3?5?5THE?5CRATER?$AA@ 0046ece4     AM_MAP.obj
 0003:00000cfc       ??_C@_0BF@PNBDNKGF@E1M9?3?5?5THE?5GRAVEYARD?$AA@ 0046ecfc     AM_MAP.obj
 0003:00000d18       ??_C@_0BC@HAOCHLBC@E1M8?3?5?5HELL?8S?5MAW?$AA@ 0046ed18     AM_MAP.obj
 0003:00000d30       ??_C@_0BC@MCAKHEKM@E1M7?3?5?5THE?5CRYPTS?$AA@ 0046ed30     AM_MAP.obj
 0003:00000d48       ??_C@_0BF@JIBFEEHM@E1M6?3?5?5THE?5CATHEDRAL?$AA@ 0046ed48     AM_MAP.obj
 0003:00000d64       ??_C@_0BD@MILLCNFI@E1M5?3?5?5THE?5CITADEL?$AA@ 0046ed64     AM_MAP.obj
 0003:00000d7c       ??_C@_0BH@HOELMGOI@E1M4?3?5?5THE?5GUARD?5TOWER?$AA@ 0046ed7c     AM_MAP.obj
 0003:00000d98       ??_C@_0BF@IMCKDCAA@E1M3?3?5?5THE?5GATEHOUSE?$AA@ 0046ed98     AM_MAP.obj
 0003:00000db4       ??_C@_0BE@NPKHGELN@E1M2?3?5?5THE?5DUNGEONS?$AA@ 0046edb4     AM_MAP.obj
 0003:00000dcc       ??_C@_0BB@DCMIEOGC@E1M1?3?5?5THE?5DOCKS?$AA@ 0046edcc     AM_MAP.obj
 0003:00000de0       ??_C@_08HCNKEDM@AUTOPAGE?$AA@ 0046ede0     AM_MAP.obj
 0003:00000dec       ??_C@_0BA@LPLOBE@FOLLOW?5MODE?5OFF?$AA@ 0046edec     AM_MAP.obj
 0003:00000e00       ??_C@_0P@OINIHKKN@FOLLOW?5MODE?5ON?$AA@ 0046ee00     AM_MAP.obj
 0003:00000e14       ??_C@_09JKEHCHNI@fuck?5?$CFd?5?$AN?$AA@ 0046ee14     AM_MAP.obj
 0003:00000e20       ??_C@_07IMMBMOPB@BLUE?3?5?5?$AA@ 0046ee20     CT_CHAT.obj
 0003:00000e2c       ??_C@_06BGGAMHMO@RED?3?5?5?$AA@ 0046ee2c     CT_CHAT.obj
 0003:00000e34       ??_C@_09HGIKGFAJ@YELLOW?3?5?5?$AA@ 0046ee34     CT_CHAT.obj
 0003:00000e40       ??_C@_08CIDMCMIK@GREEN?3?5?5?$AA@ 0046ee40     CT_CHAT.obj
 0003:00000e4c       ??_C@_07OKHDLEDJ@FONTA_S?$AA@ 0046ee4c     CT_CHAT.obj
 0003:00000e58       ??_C@_0CI@LIPGKNBP@THERE?5ARE?5NO?5OTHER?5PLAYERS?5IN?5TH@ 0046ee58     CT_CHAT.obj
 0003:00000e88       ??_C@_0P@OPKJIPOJ@?9MESSAGE?5SENT?9?$AA@ 0046ee88     CT_CHAT.obj
 0003:00000e9c       ??_C@_07DACBHJOC@FONTA59?$AA@ 0046ee9c     CT_CHAT.obj
 0003:00000ea8       ??_C@_0M@OGGPOAIA@heretic?4cfg?$AA@ 0046eea8     D_MAIN.obj
 0003:00000eb8       ??_C@_0L@JBILOMNI@pnames?4lmp?$AA@ 0046eeb8     D_MAIN.obj
 0003:00000ec8       ??_C@_0N@CFDIAPOL@texture2?4lmp?$AA@ 0046eec8     D_MAIN.obj
 0003:00000ed8       ??_C@_0N@KDKMHNEF@texture1?4lmp?$AA@ 0046eed8     D_MAIN.obj
 0003:00000ee8       ??_C@_0M@BHHGGFAO@heretic?4wad?$AA@ 0046eee8     D_MAIN.obj
 0003:00000ef8       ??_C@_06EOENDFCC@PAUSED?$AA@ 0046eef8     D_MAIN.obj
 0003:00000f00       ??_C@_01NOFIACDB@w?$AA@    0046ef00     D_MAIN.obj
 0003:00000f04       ??_C@_0M@CJGMEPF@debug?$CFi?4txt?$AA@ 0046ef04     D_MAIN.obj
 0003:00000f14       ??_C@_0L@CHPMBMEI@?9debugfile?$AA@ 0046ef14     D_MAIN.obj
 0003:00000f24       ??_C@_07GKGJDHDK@ADVISOR?$AA@ 0046ef24     D_MAIN.obj
 0003:00000f30       ??_C@_05PCCGCNNO@demo3?$AA@ 0046ef30     D_MAIN.obj
 0003:00000f38       ??_C@_05BIEKMFNJ@ORDER?$AA@ 0046ef38     D_MAIN.obj
[...]
 0004:00058b60       _finalestage               004ccb60     <common>
 0004:00058b70       _finaletext                004ccb70     <common>
 0004:00058b74       _finaleflat                004ccb74     <common>
 0004:00058b78       _FontABaseLump             004ccb78     <common>
 0004:00058b7c       _finalecount               004ccb7c     <common>
 0004:00058b80       _gametime                  004ccb80     <common>
 0004:00058cb8       _frameon                   004cccb8     <common>
 0004:00058cc0       _resendto                  004cccc0     <common>
 0004:00058ce0       _skiptics                  004ccce0     <common>
 0004:00058cf0       _frameskip                 004cccf0     <common>
 0004:00058d00       _ticdup                    004ccd00     <common>
 0004:00058d20       _netcmds                   004ccd20     <common>
 0004:00059020       _nodeforplayer             004cd020     <common>
 0004:00059030       _reboundpacket             004cd030     <common>
 0004:00059040       _remoteresend              004cd040     <common>
 0004:00059060       _doomcom                   004cd060     <common>
 0004:00059064       _maketic                   004cd064     <common>
 0004:00059068       _maxsend                   004cd068     <common>
 0004:0005906c       _lastnettic                004cd06c     <common>
 0004:00059080       _localcmds                 004cd080     <common>
 0004:00059140       _reboundstore              004cd140     <common>
 0004:00059220       _resendcount               004cd220     <common>
 0004:00059240       _exitmsg                   004cd240     <common>
 0004:00059290       _frametics                 004cd290     <common>
 0004:000592a0       _nodeingame                004cd2a0     <common>
 0004:000592c0       _nettics                   004cd2c0     <common>
 0004:000592e0       _oldnettics                004cd2e0     <common>
 0004:000592e4       _netbuffer                 004cd2e4     <common>
 0004:00059300       _tmsg                      004cd300     <common>
 0004:00059580       _debugfile                 004cd580     <common>
 0004:00059584       _noartiskip                004cd584     <common>
 0004:000595a0       _events                    004cd5a0     <common>
 0004:000599a0       _singletics                004cd9a0     <common>
 0004:000599a4       _cdrom                     004cd9a4     <common>
 0004:000599c0       _exrnwads2                 004cd9c0     <common>
 0004:00059a10       _advancedemo               004cda10     <common>
 0004:00059a14       _debugmode                 004cda14     <common>
 0004:00059a18       _ravpic                    004cda18     <common>
 0004:00059a1c       _startmap                  004cda1c     <common>
 0004:00059a20       _thermMax                  004cda20     <common>
 0004:00059a24       _hscreen                   004cda24     <common>
 0004:00059a28       _startepisode              004cda28     <common>
 0004:00059a40       _exrnwads                  004cda40     <common>
 0004:00059a90       _thermCurrent              004cda90     <common>
 0004:00059aa0       _smsg                      004cdaa0     <common>
 0004:00059af0       _pagename                  004cdaf0     <common>
 0004:00059af4       _respawnparm               004cdaf4     <common>
 0004:00059af8       _demosequence              004cdaf8     <common>
 0004:00059afc       _startskill                004cdafc     <common>
 0004:00059b00       _pagetic                   004cdb00     <common>
 0004:00059b04       _startup                   004cdb04     <common>
 0004:00059b08       _BorderNeedRefresh         004cdb08     <common>
 0004:00059b0c       _autostart                 004cdb0c     <common>
 0004:00059b10       _nomonsters                004cdb10     <common>
 0004:00059b20       _plr_lastmsg               004cdb20     <common>
 0004:00059e50       _altdown                   004cde50     <common>
 0004:00059e54       _shiftdown                 004cde54     <common>
 0004:00059e58       _head                      004cde58     <common>
 0004:00059e60       _msgptr                    004cde60     <common>
 0004:00059e80       _chat_msg                  004cde80     <common>
 0004:0005a080       _cheated                   004ce080     <common>
 0004:0005a084       _tail                      004ce084     <common>
 0004:0005a088       _chatmodeon                004ce088     <common>
 0004:0005a090       _chat_dest                 004ce090     <common>
 0004:0005a0a0       _msglen                    004ce0a0     <common>
 0004:0005a0c0       _ChatQueue                 004ce0c0     <common>
 0004:0005a140       _chat_macros               004ce140     <common>
 0004:0005a180       _triangle_guy              004ce180     <common>
 0004:0005a240       _keysquare                 004ce240     <common>
 0004:0005a2c0       _thintriangle_guy          004ce2c0     <common>
 0004:0005a300       _cheat_player_arrow        004ce300     <common>
 0004:0005a400       _KeyPoints                 004ce400     <common>
 0004:0005a420       _player_arrow              004ce420     <common>
 0004:0005a4c0       ___native_startup_state    004ce4c0     <common>
 0004:0005a4d0       ___native_startup_lock     004ce4d0     <common>
 0004:0005a4d4       ___sse2_available          004ce4d4     <common>
 0004:0005a4e0       __NoHeapEnableTerminationOnCorruption 004ce4e0     <common>
 0004:0005a4e4       ___dyn_tls_init_callback   004ce4e4     <common>
 0004:0005a4e8       ___onexitend               004ce4e8     <common>
 0004:0005a4f8       ___onexitbegin             004ce4f8     <common>
 0005:00000000       __IMPORT_DESCRIPTOR_OPENGL32 004cf000     opengl32:OPENGL32.dll
 0005:00000014       __IMPORT_DESCRIPTOR_GLU32  004cf014     glu32:GLU32.dll
 0005:00000028       __IMPORT_DESCRIPTOR_KERNEL32 004cf028     kernel32:KERNEL32.dll
 0005:0000003c       __IMPORT_DESCRIPTOR_USER32 004cf03c     user32:USER32.dll
 0005:00000050       __IMPORT_DESCRIPTOR_GDI32  004cf050     gdi32:GDI32.dll
 0005:00000064       __IMPORT_DESCRIPTOR_MSVCR100 004cf064     MSVCRT:MSVCR100.dll
 0005:00000078       __NULL_IMPORT_DESCRIPTOR   004cf078     opengl32:OPENGL32.dll
 0005:00000478       __imp__ChoosePixelFormat@8 004cf478     gdi32:GDI32.dll
 0005:0000047c       __imp__SetPixelFormat@12   004cf47c     gdi32:GDI32.dll
 0005:00000480       __imp__GetStockObject@4    004cf480     gdi32:GDI32.dll
 0005:00000484       __imp__SwapBuffers@4       004cf484     gdi32:GDI32.dll
 0005:00000488       \177GDI32_NULL_THUNK_DATA  004cf488     gdi32:GDI32.dll
 0005:000004b4       __imp__gluPerspective@32   004cf4b4     glu32:GLU32.dll
 0005:000004b8       __imp__gluOrtho2D@32       004cf4b8     glu32:GLU32.dll
 0005:000004bc       \177GLU32_NULL_THUNK_DATA  004cf4bc     glu32:GLU32.dll
 0005:000004e8       __imp__GetSystemTimeAsFileTime@4 004cf4e8     kernel32:KERNEL32.dll
 0005:000004ec       __imp__GetCurrentProcessId@0 004cf4ec     kernel32:KERNEL32.dll
 0005:000004f0       __imp__GetCurrentThreadId@0 004cf4f0     kernel32:KERNEL32.dll
 0005:000004f4       __imp__QueryPerformanceCounter@4 004cf4f4     kernel32:KERNEL32.dll
 0005:000004f8       __imp__IsProcessorFeaturePresent@4 004cf4f8     kernel32:KERNEL32.dll
 0005:000004fc       __imp__IsDebuggerPresent@0 004cf4fc     kernel32:KERNEL32.dll
 0005:00000500       __imp__SetUnhandledExceptionFilter@4 004cf500     kernel32:KERNEL32.dll
 0005:00000504       __imp__GetTickCount@0      004cf504     kernel32:KERNEL32.dll
 0005:00000508       __imp__GetCurrentProcess@0 004cf508     kernel32:KERNEL32.dll
 0005:0000050c       __imp__TerminateProcess@8  004cf50c     kernel32:KERNEL32.dll
 0005:00000510       __imp__HeapSetInformation@16 004cf510     kernel32:KERNEL32.dll
 0005:00000514       __imp__InterlockedCompareExchange@12 004cf514     kernel32:KERNEL32.dll
 0005:00000518       __imp__Sleep@4             004cf518     kernel32:KERNEL32.dll
 0005:0000051c       __imp__InterlockedExchange@8 004cf51c     kernel32:KERNEL32.dll
 0005:00000520       __imp__DecodePointer@4     004cf520     kernel32:KERNEL32.dll
 0005:00000524       __imp__EncodePointer@4     004cf524     kernel32:KERNEL32.dll
 0005:00000528       __imp__UnhandledExceptionFilter@4 004cf528     kernel32:KERNEL32.dll
 0005:0000052c       __imp__GetModuleHandleA@4  004cf52c     kernel32:KERNEL32.dll
 0005:00000530       \177KERNEL32_NULL_THUNK_DATA 004cf530     kernel32:KERNEL32.dll
 0005:00000568       __imp_?_type_info_dtor_internal_method@type_info@@QAEXXZ 004cf568     MSVCRT:MSVCR100.dll
 0005:0000056c       __imp___except_handler4_common 004cf56c     MSVCRT:MSVCR100.dll
 0005:00000570       __imp___crt_debugger_hook  004cf570     MSVCRT:MSVCR100.dll
 0005:00000574       __imp____set_app_type      004cf574     MSVCRT:MSVCR100.dll
 0005:00000578       __imp___fmode              004cf578     MSVCRT:MSVCR100.dll
 0005:0000057c       __imp___commode            004cf57c     MSVCRT:MSVCR100.dll
 0005:00000580       __imp____setusermatherr    004cf580     MSVCRT:MSVCR100.dll
 0005:00000584       __imp___open               004cf584     MSVCRT:MSVCR100.dll
 0005:00000588       __imp___initterm_e         004cf588     MSVCRT:MSVCR100.dll
 0005:0000058c       __imp___initterm           004cf58c     MSVCRT:MSVCR100.dll
 0005:00000590       __imp____initenv           004cf590     MSVCRT:MSVCR100.dll
 0005:00000594       __imp___XcptFilter         004cf594     MSVCRT:MSVCR100.dll
 0005:00000598       __imp___exit               004cf598     MSVCRT:MSVCR100.dll
 0005:0000059c       __imp___cexit              004cf59c     MSVCRT:MSVCR100.dll
 0005:000005a0       __imp____getmainargs       004cf5a0     MSVCRT:MSVCR100.dll
 0005:000005a4       __imp___amsg_exit          004cf5a4     MSVCRT:MSVCR100.dll
 0005:000005a8       __imp___invoke_watson      004cf5a8     MSVCRT:MSVCR100.dll
 0005:000005ac       __imp___controlfp_s        004cf5ac     MSVCRT:MSVCR100.dll
 0005:000005b0       __imp__strcmpi             004cf5b0     MSVCRT:MSVCR100.dll
 0005:000005b0       __imp___stricmp            004cf5b0     MSVCRT:MSVCR100.dll
 0005:000005b4       __imp___close              004cf5b4     MSVCRT:MSVCR100.dll
 0005:000005b8       __imp_?terminate@@YAXXZ    004cf5b8     MSVCRT:MSVCR100.dll
 0005:000005bc       __imp___write              004cf5bc     MSVCRT:MSVCR100.dll
 0005:000005c0       __imp___onexit             004cf5c0     MSVCRT:MSVCR100.dll
 0005:000005c4       __imp___lock               004cf5c4     MSVCRT:MSVCR100.dll
 0005:000005c8       __imp____dllonexit         004cf5c8     MSVCRT:MSVCR100.dll
 0005:000005cc       __imp___unlock             004cf5cc     MSVCRT:MSVCR100.dll
 0005:000005d0       __imp_??3@YAXPAX@Z         004cf5d0     MSVCRT:MSVCR100.dll
 0005:000005d4       __imp__tan                 004cf5d4     MSVCRT:MSVCR100.dll
 0005:000005d8       __imp__sin                 004cf5d8     MSVCRT:MSVCR100.dll
 0005:000005dc       __imp__cos                 004cf5dc     MSVCRT:MSVCR100.dll
 0005:000005e0       __imp__qsort               004cf5e0     MSVCRT:MSVCR100.dll
 0005:000005e4       __imp__floor               004cf5e4     MSVCRT:MSVCR100.dll
 0005:000005e8       __imp__ceil                004cf5e8     MSVCRT:MSVCR100.dll
 0005:000005ec       __imp__memchr              004cf5ec     MSVCRT:MSVCR100.dll
 0005:000005f0       __imp__fabs                004cf5f0     MSVCRT:MSVCR100.dll
 0005:000005f4       __imp__strncmp             004cf5f4     MSVCRT:MSVCR100.dll
 0005:000005f8       __imp__realloc             004cf5f8     MSVCRT:MSVCR100.dll
 0005:000005fc       __imp___strnicmp           004cf5fc     MSVCRT:MSVCR100.dll
 0005:00000600       __imp__strncpy             004cf600     MSVCRT:MSVCR100.dll
 0005:00000604       __imp___read               004cf604     MSVCRT:MSVCR100.dll
 0005:00000608       __imp___access             004cf608     MSVCRT:MSVCR100.dll
 0005:0000060c       __imp___lseek              004cf60c     MSVCRT:MSVCR100.dll
 0005:00000610       __imp___configthreadlocale 004cf610     MSVCRT:MSVCR100.dll
 0005:00000614       __imp__sprintf             004cf614     MSVCRT:MSVCR100.dll
 0005:00000618       __imp__abs                 004cf618     MSVCRT:MSVCR100.dll
 0005:0000061c       __imp__memset              004cf61c     MSVCRT:MSVCR100.dll
 0005:00000620       __imp__memcpy              004cf620     MSVCRT:MSVCR100.dll
 0005:00000624       __imp__fprintf             004cf624     MSVCRT:MSVCR100.dll
 0005:00000628       __imp____iob_func          004cf628     MSVCRT:MSVCR100.dll
 0005:0000062c       __imp__toupper             004cf62c     MSVCRT:MSVCR100.dll
 0005:00000630       __imp__strcat              004cf630     MSVCRT:MSVCR100.dll
 0005:00000634       __imp__strcpy              004cf634     MSVCRT:MSVCR100.dll
 0005:00000638       __imp__fopen               004cf638     MSVCRT:MSVCR100.dll
 0005:0000063c       __imp___strupr             004cf63c     MSVCRT:MSVCR100.dll
 0005:0000063c       __imp__strupr              004cf63c     MSVCRT:MSVCR100.dll
 0005:00000640       __imp__malloc              004cf640     MSVCRT:MSVCR100.dll
 0005:00000644       __imp__strlen              004cf644     MSVCRT:MSVCR100.dll
 0005:00000648       __imp__printf              004cf648     MSVCRT:MSVCR100.dll
 0005:0000064c       __imp__fclose              004cf64c     MSVCRT:MSVCR100.dll
 0005:00000650       __imp__setbuf              004cf650     MSVCRT:MSVCR100.dll
 0005:00000654       __imp__strcmp              004cf654     MSVCRT:MSVCR100.dll
 0005:00000658       __imp__fwrite              004cf658     MSVCRT:MSVCR100.dll
 0005:0000065c       __imp__exit                004cf65c     MSVCRT:MSVCR100.dll
 0005:00000660       __imp__vprintf             004cf660     MSVCRT:MSVCR100.dll
 0005:00000664       __imp___fstat64i32         004cf664     MSVCRT:MSVCR100.dll
 0005:00000668       __imp__fread               004cf668     MSVCRT:MSVCR100.dll
 0005:0000066c       __imp__ftell               004cf66c     MSVCRT:MSVCR100.dll
 0005:00000670       __imp__fseek               004cf670     MSVCRT:MSVCR100.dll
 0005:00000674       __imp__sscanf              004cf674     MSVCRT:MSVCR100.dll
 0005:00000678       __imp__fscanf              004cf678     MSVCRT:MSVCR100.dll
 0005:0000067c       __imp__feof                004cf67c     MSVCRT:MSVCR100.dll
 0005:00000680       __imp__sqrt                004cf680     MSVCRT:MSVCR100.dll
 0005:00000684       __imp__atoi                004cf684     MSVCRT:MSVCR100.dll
 0005:00000688       __imp__free                004cf688     MSVCRT:MSVCR100.dll
 0005:0000068c       __imp__calloc              004cf68c     MSVCRT:MSVCR100.dll
 0005:00000690       \177MSVCR100_NULL_THUNK_DATA 004cf690     MSVCRT:MSVCR100.dll
 0005:000006f4       __imp__glPolygonMode@8     004cf6f4     opengl32:OPENGL32.dll
 0005:000006f8       __imp__glVertex3fv@4       004cf6f8     opengl32:OPENGL32.dll
 0005:000006fc       __imp__glTexCoord2fv@4     004cf6fc     opengl32:OPENGL32.dll
 0005:00000700       __imp__glColor3ubv@4       004cf700     opengl32:OPENGL32.dll
 0005:00000704       __imp__glBegin@4           004cf704     opengl32:OPENGL32.dll
 0005:00000708       __imp__glDisable@4         004cf708     opengl32:OPENGL32.dll
 0005:0000070c       __imp__glVertex3f@12       004cf70c     opengl32:OPENGL32.dll
 0005:00000710       __imp__glTexCoord2f@8      004cf710     opengl32:OPENGL32.dll
 0005:00000714       __imp__glColor4f@16        004cf714     opengl32:OPENGL32.dll
 0005:00000718       __imp__glAlphaFunc@8       004cf718     opengl32:OPENGL32.dll
 0005:0000071c       __imp__glEnable@4          004cf71c     opengl32:OPENGL32.dll
 0005:00000720       __imp__glBlendFunc@8       004cf720     opengl32:OPENGL32.dll
 0005:00000724       __imp__glColor3ub@12       004cf724     opengl32:OPENGL32.dll
 0005:00000728       __imp__glPopMatrix@0       004cf728     opengl32:OPENGL32.dll
 0005:0000072c       __imp__glPushMatrix@0      004cf72c     opengl32:OPENGL32.dll
 0005:00000730       __imp__glGetIntegerv@8     004cf730     opengl32:OPENGL32.dll
 0005:00000734       __imp__glGetDoublev@8      004cf734     opengl32:OPENGL32.dll
 0005:00000738       __imp__wglCreateContext@4  004cf738     opengl32:OPENGL32.dll
 0005:0000073c       __imp__glDepthFunc@4       004cf73c     opengl32:OPENGL32.dll
 0005:00000740       __imp__glClearColor@16     004cf740     opengl32:OPENGL32.dll
 0005:00000744       __imp__wglGetCurrentContext@0 004cf744     opengl32:OPENGL32.dll
 0005:00000748       __imp__glFinish@0          004cf748     opengl32:OPENGL32.dll
 0005:0000074c       __imp__wglMakeCurrent@8    004cf74c     opengl32:OPENGL32.dll
 0005:00000750       __imp__wglDeleteContext@4  004cf750     opengl32:OPENGL32.dll
 0005:00000754       __imp__glNormal3f@12       004cf754     opengl32:OPENGL32.dll
 0005:00000758       __imp__glClear@4           004cf758     opengl32:OPENGL32.dll
 0005:0000075c       __imp__glColor3b@12        004cf75c     opengl32:OPENGL32.dll
 0005:00000760       __imp__wglGetProcAddress@4 004cf760     opengl32:OPENGL32.dll
 0005:00000764       __imp__glColor3f@12        004cf764     opengl32:OPENGL32.dll
 0005:00000768       __imp__glEnd@0             004cf768     opengl32:OPENGL32.dll
 0005:0000076c       __imp__glFrustum@48        004cf76c     opengl32:OPENGL32.dll
 0005:00000770       __imp__glRotatef@16        004cf770     opengl32:OPENGL32.dll
 0005:00000774       __imp__glGenTextures@8     004cf774     opengl32:OPENGL32.dll
 0005:00000778       __imp__glBindTexture@8     004cf778     opengl32:OPENGL32.dll
 0005:0000077c       __imp__glTexImage2D@36     004cf77c     opengl32:OPENGL32.dll
 0005:00000780       __imp__glTexParameterf@12  004cf780     opengl32:OPENGL32.dll
 0005:00000784       __imp__glMultMatrixf@4     004cf784     opengl32:OPENGL32.dll
 0005:00000788       __imp__glViewport@16       004cf788     opengl32:OPENGL32.dll
 0005:0000078c       __imp__glShadeModel@4      004cf78c     opengl32:OPENGL32.dll
 0005:00000790       __imp__glMatrixMode@4      004cf790     opengl32:OPENGL32.dll
 0005:00000794       __imp__glLoadIdentity@0    004cf794     opengl32:OPENGL32.dll
 0005:00000798       __imp__glTranslatef@12     004cf798     opengl32:OPENGL32.dll
 0005:0000079c       __imp__glGetFloatv@8       004cf79c     opengl32:OPENGL32.dll
 0005:000007a0       \177OPENGL32_NULL_THUNK_DATA 004cf7a0     opengl32:OPENGL32.dll
 0005:000007ec       __imp__DispatchMessageA@4  004cf7ec     user32:USER32.dll
 0005:000007f0       __imp__TranslateMessage@4  004cf7f0     user32:USER32.dll
 0005:000007f4       __imp__GetMessageA@16      004cf7f4     user32:USER32.dll
 0005:000007f8       __imp__PeekMessageA@20     004cf7f8     user32:USER32.dll
 0005:000007fc       __imp__GetKeyState@4       004cf7fc     user32:USER32.dll
 0005:00000800       __imp__GetWindowRect@8     004cf800     user32:USER32.dll
 0005:00000804       __imp__DefWindowProcA@16   004cf804     user32:USER32.dll
 0005:00000808       __imp__PostQuitMessage@4   004cf808     user32:USER32.dll
 0005:0000080c       __imp__UpdateWindow@4      004cf80c     user32:USER32.dll
 0005:00000810       __imp__ShowWindow@8        004cf810     user32:USER32.dll
 0005:00000814       __imp__CreateWindowExA@48  004cf814     user32:USER32.dll
 0005:00000818       __imp__RegisterClassExA@4  004cf818     user32:USER32.dll
 0005:0000081c       __imp__LoadCursorA@8       004cf81c     user32:USER32.dll
 0005:00000820       __imp__LoadIconA@8         004cf820     user32:USER32.dll
 0005:00000824       __imp__ReleaseDC@8         004cf824     user32:USER32.dll
 0005:00000828       __imp__GetDC@4             004cf828     user32:USER32.dll
 0005:0000082c       \177USER32_NULL_THUNK_DATA 004cf82c     user32:USER32.dll

 entry point at        0002:00000ba9

